Archive member included to satisfy reference by file (symbol)

/nix/store/by10b61mcl0sj0gv71yqdghjm063xm8v-riscv-gnu-toolchain/lib/gcc/riscv64-unknown-elf/11.1.0/rv32i/ilp32/libgcc.a(_udivdi3.o)
                              /tmp/nix-shell-11564-1741507680/ccg1wlxb.o (__udivdi3)
/nix/store/by10b61mcl0sj0gv71yqdghjm063xm8v-riscv-gnu-toolchain/lib/gcc/riscv64-unknown-elf/11.1.0/rv32i/ilp32/libgcc.a(_umoddi3.o)
                              /tmp/nix-shell-11564-1741507680/ccFzXNXn.o (__umoddi3)
/nix/store/by10b61mcl0sj0gv71yqdghjm063xm8v-riscv-gnu-toolchain/lib/gcc/riscv64-unknown-elf/11.1.0/rv32i/ilp32/libgcc.a(adddf3.o)
                              /tmp/nix-shell-11564-1741507680/ccFzXNXn.o (__adddf3)
/nix/store/by10b61mcl0sj0gv71yqdghjm063xm8v-riscv-gnu-toolchain/lib/gcc/riscv64-unknown-elf/11.1.0/rv32i/ilp32/libgcc.a(divdf3.o)
                              /tmp/nix-shell-11564-1741507680/ccFzXNXn.o (__divdf3)
/nix/store/by10b61mcl0sj0gv71yqdghjm063xm8v-riscv-gnu-toolchain/lib/gcc/riscv64-unknown-elf/11.1.0/rv32i/ilp32/libgcc.a(eqdf2.o)
                              /tmp/nix-shell-11564-1741507680/ccFzXNXn.o (__nedf2)
/nix/store/by10b61mcl0sj0gv71yqdghjm063xm8v-riscv-gnu-toolchain/lib/gcc/riscv64-unknown-elf/11.1.0/rv32i/ilp32/libgcc.a(gedf2.o)
                              /tmp/nix-shell-11564-1741507680/ccFzXNXn.o (__gedf2)
/nix/store/by10b61mcl0sj0gv71yqdghjm063xm8v-riscv-gnu-toolchain/lib/gcc/riscv64-unknown-elf/11.1.0/rv32i/ilp32/libgcc.a(ledf2.o)
                              /tmp/nix-shell-11564-1741507680/ccFzXNXn.o (__ledf2)
/nix/store/by10b61mcl0sj0gv71yqdghjm063xm8v-riscv-gnu-toolchain/lib/gcc/riscv64-unknown-elf/11.1.0/rv32i/ilp32/libgcc.a(muldf3.o)
                              /tmp/nix-shell-11564-1741507680/ccFzXNXn.o (__muldf3)
/nix/store/by10b61mcl0sj0gv71yqdghjm063xm8v-riscv-gnu-toolchain/lib/gcc/riscv64-unknown-elf/11.1.0/rv32i/ilp32/libgcc.a(subdf3.o)
                              /tmp/nix-shell-11564-1741507680/ccFzXNXn.o (__subdf3)
/nix/store/by10b61mcl0sj0gv71yqdghjm063xm8v-riscv-gnu-toolchain/lib/gcc/riscv64-unknown-elf/11.1.0/rv32i/ilp32/libgcc.a(fixdfsi.o)
                              /tmp/nix-shell-11564-1741507680/ccFzXNXn.o (__fixdfsi)
/nix/store/by10b61mcl0sj0gv71yqdghjm063xm8v-riscv-gnu-toolchain/lib/gcc/riscv64-unknown-elf/11.1.0/rv32i/ilp32/libgcc.a(fixunsdfsi.o)
                              /tmp/nix-shell-11564-1741507680/ccFzXNXn.o (__fixunsdfsi)
/nix/store/by10b61mcl0sj0gv71yqdghjm063xm8v-riscv-gnu-toolchain/lib/gcc/riscv64-unknown-elf/11.1.0/rv32i/ilp32/libgcc.a(floatsidf.o)
                              /tmp/nix-shell-11564-1741507680/ccFzXNXn.o (__floatsidf)
/nix/store/by10b61mcl0sj0gv71yqdghjm063xm8v-riscv-gnu-toolchain/lib/gcc/riscv64-unknown-elf/11.1.0/rv32i/ilp32/libgcc.a(floatunsidf.o)
                              /tmp/nix-shell-11564-1741507680/ccFzXNXn.o (__floatunsidf)
/nix/store/by10b61mcl0sj0gv71yqdghjm063xm8v-riscv-gnu-toolchain/lib/gcc/riscv64-unknown-elf/11.1.0/rv32i/ilp32/libgcc.a(muldi3.o)
                              /nix/store/by10b61mcl0sj0gv71yqdghjm063xm8v-riscv-gnu-toolchain/lib/gcc/riscv64-unknown-elf/11.1.0/rv32i/ilp32/libgcc.a(_udivdi3.o) (__mulsi3)
/nix/store/by10b61mcl0sj0gv71yqdghjm063xm8v-riscv-gnu-toolchain/lib/gcc/riscv64-unknown-elf/11.1.0/rv32i/ilp32/libgcc.a(div.o)
                              /tmp/nix-shell-11564-1741507680/ccFzXNXn.o (__divsi3)
/nix/store/by10b61mcl0sj0gv71yqdghjm063xm8v-riscv-gnu-toolchain/lib/gcc/riscv64-unknown-elf/11.1.0/rv32i/ilp32/libgcc.a(_clz.o)
                              /nix/store/by10b61mcl0sj0gv71yqdghjm063xm8v-riscv-gnu-toolchain/lib/gcc/riscv64-unknown-elf/11.1.0/rv32i/ilp32/libgcc.a(_udivdi3.o) (__clz_tab)
/nix/store/by10b61mcl0sj0gv71yqdghjm063xm8v-riscv-gnu-toolchain/lib/gcc/riscv64-unknown-elf/11.1.0/rv32i/ilp32/libgcc.a(_clzsi2.o)
                              /nix/store/by10b61mcl0sj0gv71yqdghjm063xm8v-riscv-gnu-toolchain/lib/gcc/riscv64-unknown-elf/11.1.0/rv32i/ilp32/libgcc.a(adddf3.o) (__clzsi2)
/nix/store/by10b61mcl0sj0gv71yqdghjm063xm8v-riscv-gnu-toolchain/lib/gcc/riscv64-unknown-elf/11.1.0/../../../../riscv64-unknown-elf/lib/rv32i/ilp32/libc_nano.a(lib_a-malloc.o)
                              /tmp/nix-shell-11564-1741507680/ccg1wlxb.o (malloc)
/nix/store/by10b61mcl0sj0gv71yqdghjm063xm8v-riscv-gnu-toolchain/lib/gcc/riscv64-unknown-elf/11.1.0/../../../../riscv64-unknown-elf/lib/rv32i/ilp32/libc_nano.a(lib_a-memcpy-asm.o)
                              /tmp/nix-shell-11564-1741507680/ccg1wlxb.o (memcpy)
/nix/store/by10b61mcl0sj0gv71yqdghjm063xm8v-riscv-gnu-toolchain/lib/gcc/riscv64-unknown-elf/11.1.0/../../../../riscv64-unknown-elf/lib/rv32i/ilp32/libc_nano.a(lib_a-nano-freer.o)
                              /nix/store/by10b61mcl0sj0gv71yqdghjm063xm8v-riscv-gnu-toolchain/lib/gcc/riscv64-unknown-elf/11.1.0/../../../../riscv64-unknown-elf/lib/rv32i/ilp32/libc_nano.a(lib_a-malloc.o) (_free_r)
/nix/store/by10b61mcl0sj0gv71yqdghjm063xm8v-riscv-gnu-toolchain/lib/gcc/riscv64-unknown-elf/11.1.0/../../../../riscv64-unknown-elf/lib/rv32i/ilp32/libc_nano.a(lib_a-nano-mallocr.o)
                              /nix/store/by10b61mcl0sj0gv71yqdghjm063xm8v-riscv-gnu-toolchain/lib/gcc/riscv64-unknown-elf/11.1.0/../../../../riscv64-unknown-elf/lib/rv32i/ilp32/libc_nano.a(lib_a-malloc.o) (_malloc_r)
/nix/store/by10b61mcl0sj0gv71yqdghjm063xm8v-riscv-gnu-toolchain/lib/gcc/riscv64-unknown-elf/11.1.0/../../../../riscv64-unknown-elf/lib/rv32i/ilp32/libc_nano.a(lib_a-sbrkr.o)
                              /nix/store/by10b61mcl0sj0gv71yqdghjm063xm8v-riscv-gnu-toolchain/lib/gcc/riscv64-unknown-elf/11.1.0/../../../../riscv64-unknown-elf/lib/rv32i/ilp32/libc_nano.a(lib_a-nano-mallocr.o) (_sbrk_r)
/nix/store/by10b61mcl0sj0gv71yqdghjm063xm8v-riscv-gnu-toolchain/lib/gcc/riscv64-unknown-elf/11.1.0/../../../../riscv64-unknown-elf/lib/rv32i/ilp32/libc_nano.a(lib_a-strcmp.o)
                              /tmp/nix-shell-11564-1741507680/ccg1wlxb.o (strcmp)
/nix/store/by10b61mcl0sj0gv71yqdghjm063xm8v-riscv-gnu-toolchain/lib/gcc/riscv64-unknown-elf/11.1.0/../../../../riscv64-unknown-elf/lib/rv32i/ilp32/libc_nano.a(lib_a-strcpy.o)
                              /tmp/nix-shell-11564-1741507680/ccg1wlxb.o (strcpy)
/nix/store/by10b61mcl0sj0gv71yqdghjm063xm8v-riscv-gnu-toolchain/lib/gcc/riscv64-unknown-elf/11.1.0/../../../../riscv64-unknown-elf/lib/rv32i/ilp32/libc_nano.a(lib_a-strlen.o)
                              /tmp/nix-shell-11564-1741507680/ccg1wlxb.o (strlen)
/nix/store/by10b61mcl0sj0gv71yqdghjm063xm8v-riscv-gnu-toolchain/lib/gcc/riscv64-unknown-elf/11.1.0/../../../../riscv64-unknown-elf/lib/rv32i/ilp32/libc_nano.a(lib_a-impure.o)
                              /nix/store/by10b61mcl0sj0gv71yqdghjm063xm8v-riscv-gnu-toolchain/lib/gcc/riscv64-unknown-elf/11.1.0/../../../../riscv64-unknown-elf/lib/rv32i/ilp32/libc_nano.a(lib_a-malloc.o) (_impure_ptr)
/nix/store/by10b61mcl0sj0gv71yqdghjm063xm8v-riscv-gnu-toolchain/lib/gcc/riscv64-unknown-elf/11.1.0/../../../../riscv64-unknown-elf/lib/rv32i/ilp32/libc_nano.a(lib_a-mlock.o)
                              /nix/store/by10b61mcl0sj0gv71yqdghjm063xm8v-riscv-gnu-toolchain/lib/gcc/riscv64-unknown-elf/11.1.0/../../../../riscv64-unknown-elf/lib/rv32i/ilp32/libc_nano.a(lib_a-nano-freer.o) (__malloc_lock)
/nix/store/by10b61mcl0sj0gv71yqdghjm063xm8v-riscv-gnu-toolchain/lib/gcc/riscv64-unknown-elf/11.1.0/../../../../riscv64-unknown-elf/lib/rv32i/ilp32/libc_nano.a(lib_a-reent.o)
                              /nix/store/by10b61mcl0sj0gv71yqdghjm063xm8v-riscv-gnu-toolchain/lib/gcc/riscv64-unknown-elf/11.1.0/../../../../riscv64-unknown-elf/lib/rv32i/ilp32/libc_nano.a(lib_a-sbrkr.o) (errno)
/nix/store/by10b61mcl0sj0gv71yqdghjm063xm8v-riscv-gnu-toolchain/lib/gcc/riscv64-unknown-elf/11.1.0/../../../../riscv64-unknown-elf/lib/rv32i/ilp32/libnosys.a(sbrk.o)
                              /nix/store/by10b61mcl0sj0gv71yqdghjm063xm8v-riscv-gnu-toolchain/lib/gcc/riscv64-unknown-elf/11.1.0/../../../../riscv64-unknown-elf/lib/rv32i/ilp32/libc_nano.a(lib_a-sbrkr.o) (_sbrk)

Discarded input sections

 .debug_info    0x0000000000000000      0x944 /nix/store/by10b61mcl0sj0gv71yqdghjm063xm8v-riscv-gnu-toolchain/lib/gcc/riscv64-unknown-elf/11.1.0/rv32i/ilp32/libgcc.a(_udivdi3.o)
 .debug_abbrev  0x0000000000000000      0x1d0 /nix/store/by10b61mcl0sj0gv71yqdghjm063xm8v-riscv-gnu-toolchain/lib/gcc/riscv64-unknown-elf/11.1.0/rv32i/ilp32/libgcc.a(_udivdi3.o)
 .debug_loclists
                0x0000000000000000      0xb1a /nix/store/by10b61mcl0sj0gv71yqdghjm063xm8v-riscv-gnu-toolchain/lib/gcc/riscv64-unknown-elf/11.1.0/rv32i/ilp32/libgcc.a(_udivdi3.o)
 .debug_aranges
                0x0000000000000000       0x20 /nix/store/by10b61mcl0sj0gv71yqdghjm063xm8v-riscv-gnu-toolchain/lib/gcc/riscv64-unknown-elf/11.1.0/rv32i/ilp32/libgcc.a(_udivdi3.o)
 .debug_rnglists
                0x0000000000000000      0x111 /nix/store/by10b61mcl0sj0gv71yqdghjm063xm8v-riscv-gnu-toolchain/lib/gcc/riscv64-unknown-elf/11.1.0/rv32i/ilp32/libgcc.a(_udivdi3.o)
 .debug_line    0x0000000000000000      0x76d /nix/store/by10b61mcl0sj0gv71yqdghjm063xm8v-riscv-gnu-toolchain/lib/gcc/riscv64-unknown-elf/11.1.0/rv32i/ilp32/libgcc.a(_udivdi3.o)
 .debug_str     0x0000000000000000      0x26e /nix/store/by10b61mcl0sj0gv71yqdghjm063xm8v-riscv-gnu-toolchain/lib/gcc/riscv64-unknown-elf/11.1.0/rv32i/ilp32/libgcc.a(_udivdi3.o)
 .debug_line_str
                0x0000000000000000      0x144 /nix/store/by10b61mcl0sj0gv71yqdghjm063xm8v-riscv-gnu-toolchain/lib/gcc/riscv64-unknown-elf/11.1.0/rv32i/ilp32/libgcc.a(_udivdi3.o)
 .debug_info    0x0000000000000000      0x94a /nix/store/by10b61mcl0sj0gv71yqdghjm063xm8v-riscv-gnu-toolchain/lib/gcc/riscv64-unknown-elf/11.1.0/rv32i/ilp32/libgcc.a(_umoddi3.o)
 .debug_abbrev  0x0000000000000000      0x1e1 /nix/store/by10b61mcl0sj0gv71yqdghjm063xm8v-riscv-gnu-toolchain/lib/gcc/riscv64-unknown-elf/11.1.0/rv32i/ilp32/libgcc.a(_umoddi3.o)
 .debug_loclists
                0x0000000000000000      0x8fa /nix/store/by10b61mcl0sj0gv71yqdghjm063xm8v-riscv-gnu-toolchain/lib/gcc/riscv64-unknown-elf/11.1.0/rv32i/ilp32/libgcc.a(_umoddi3.o)
 .debug_aranges
                0x0000000000000000       0x20 /nix/store/by10b61mcl0sj0gv71yqdghjm063xm8v-riscv-gnu-toolchain/lib/gcc/riscv64-unknown-elf/11.1.0/rv32i/ilp32/libgcc.a(_umoddi3.o)
 .debug_rnglists
                0x0000000000000000       0xed /nix/store/by10b61mcl0sj0gv71yqdghjm063xm8v-riscv-gnu-toolchain/lib/gcc/riscv64-unknown-elf/11.1.0/rv32i/ilp32/libgcc.a(_umoddi3.o)
 .debug_line    0x0000000000000000      0x791 /nix/store/by10b61mcl0sj0gv71yqdghjm063xm8v-riscv-gnu-toolchain/lib/gcc/riscv64-unknown-elf/11.1.0/rv32i/ilp32/libgcc.a(_umoddi3.o)
 .debug_str     0x0000000000000000      0x26e /nix/store/by10b61mcl0sj0gv71yqdghjm063xm8v-riscv-gnu-toolchain/lib/gcc/riscv64-unknown-elf/11.1.0/rv32i/ilp32/libgcc.a(_umoddi3.o)
 .debug_line_str
                0x0000000000000000      0x144 /nix/store/by10b61mcl0sj0gv71yqdghjm063xm8v-riscv-gnu-toolchain/lib/gcc/riscv64-unknown-elf/11.1.0/rv32i/ilp32/libgcc.a(_umoddi3.o)
 .debug_info    0x0000000000000000      0x4fc /nix/store/by10b61mcl0sj0gv71yqdghjm063xm8v-riscv-gnu-toolchain/lib/gcc/riscv64-unknown-elf/11.1.0/rv32i/ilp32/libgcc.a(adddf3.o)
 .debug_abbrev  0x0000000000000000      0x176 /nix/store/by10b61mcl0sj0gv71yqdghjm063xm8v-riscv-gnu-toolchain/lib/gcc/riscv64-unknown-elf/11.1.0/rv32i/ilp32/libgcc.a(adddf3.o)
 .debug_loclists
                0x0000000000000000     0x10c2 /nix/store/by10b61mcl0sj0gv71yqdghjm063xm8v-riscv-gnu-toolchain/lib/gcc/riscv64-unknown-elf/11.1.0/rv32i/ilp32/libgcc.a(adddf3.o)
 .debug_aranges
                0x0000000000000000       0x20 /nix/store/by10b61mcl0sj0gv71yqdghjm063xm8v-riscv-gnu-toolchain/lib/gcc/riscv64-unknown-elf/11.1.0/rv32i/ilp32/libgcc.a(adddf3.o)
 .debug_rnglists
                0x0000000000000000      0x22e /nix/store/by10b61mcl0sj0gv71yqdghjm063xm8v-riscv-gnu-toolchain/lib/gcc/riscv64-unknown-elf/11.1.0/rv32i/ilp32/libgcc.a(adddf3.o)
 .debug_line    0x0000000000000000      0xff9 /nix/store/by10b61mcl0sj0gv71yqdghjm063xm8v-riscv-gnu-toolchain/lib/gcc/riscv64-unknown-elf/11.1.0/rv32i/ilp32/libgcc.a(adddf3.o)
 .debug_str     0x0000000000000000      0x29f /nix/store/by10b61mcl0sj0gv71yqdghjm063xm8v-riscv-gnu-toolchain/lib/gcc/riscv64-unknown-elf/11.1.0/rv32i/ilp32/libgcc.a(adddf3.o)
 .debug_line_str
                0x0000000000000000      0x150 /nix/store/by10b61mcl0sj0gv71yqdghjm063xm8v-riscv-gnu-toolchain/lib/gcc/riscv64-unknown-elf/11.1.0/rv32i/ilp32/libgcc.a(adddf3.o)
 .debug_frame   0x0000000000000000       0x44 /nix/store/by10b61mcl0sj0gv71yqdghjm063xm8v-riscv-gnu-toolchain/lib/gcc/riscv64-unknown-elf/11.1.0/rv32i/ilp32/libgcc.a(adddf3.o)
 .debug_info    0x0000000000000000      0x81b /nix/store/by10b61mcl0sj0gv71yqdghjm063xm8v-riscv-gnu-toolchain/lib/gcc/riscv64-unknown-elf/11.1.0/rv32i/ilp32/libgcc.a(divdf3.o)
 .debug_abbrev  0x0000000000000000      0x187 /nix/store/by10b61mcl0sj0gv71yqdghjm063xm8v-riscv-gnu-toolchain/lib/gcc/riscv64-unknown-elf/11.1.0/rv32i/ilp32/libgcc.a(divdf3.o)
 .debug_loclists
                0x0000000000000000      0xf36 /nix/store/by10b61mcl0sj0gv71yqdghjm063xm8v-riscv-gnu-toolchain/lib/gcc/riscv64-unknown-elf/11.1.0/rv32i/ilp32/libgcc.a(divdf3.o)
 .debug_aranges
                0x0000000000000000       0x20 /nix/store/by10b61mcl0sj0gv71yqdghjm063xm8v-riscv-gnu-toolchain/lib/gcc/riscv64-unknown-elf/11.1.0/rv32i/ilp32/libgcc.a(divdf3.o)
 .debug_rnglists
                0x0000000000000000      0x195 /nix/store/by10b61mcl0sj0gv71yqdghjm063xm8v-riscv-gnu-toolchain/lib/gcc/riscv64-unknown-elf/11.1.0/rv32i/ilp32/libgcc.a(divdf3.o)
 .debug_line    0x0000000000000000     0x1082 /nix/store/by10b61mcl0sj0gv71yqdghjm063xm8v-riscv-gnu-toolchain/lib/gcc/riscv64-unknown-elf/11.1.0/rv32i/ilp32/libgcc.a(divdf3.o)
 .debug_str     0x0000000000000000      0x38a /nix/store/by10b61mcl0sj0gv71yqdghjm063xm8v-riscv-gnu-toolchain/lib/gcc/riscv64-unknown-elf/11.1.0/rv32i/ilp32/libgcc.a(divdf3.o)
 .debug_line_str
                0x0000000000000000      0x15a /nix/store/by10b61mcl0sj0gv71yqdghjm063xm8v-riscv-gnu-toolchain/lib/gcc/riscv64-unknown-elf/11.1.0/rv32i/ilp32/libgcc.a(divdf3.o)
 .debug_frame   0x0000000000000000       0x64 /nix/store/by10b61mcl0sj0gv71yqdghjm063xm8v-riscv-gnu-toolchain/lib/gcc/riscv64-unknown-elf/11.1.0/rv32i/ilp32/libgcc.a(divdf3.o)
 .debug_info    0x0000000000000000      0x221 /nix/store/by10b61mcl0sj0gv71yqdghjm063xm8v-riscv-gnu-toolchain/lib/gcc/riscv64-unknown-elf/11.1.0/rv32i/ilp32/libgcc.a(eqdf2.o)
 .debug_abbrev  0x0000000000000000      0x153 /nix/store/by10b61mcl0sj0gv71yqdghjm063xm8v-riscv-gnu-toolchain/lib/gcc/riscv64-unknown-elf/11.1.0/rv32i/ilp32/libgcc.a(eqdf2.o)
 .debug_loclists
                0x0000000000000000       0xb2 /nix/store/by10b61mcl0sj0gv71yqdghjm063xm8v-riscv-gnu-toolchain/lib/gcc/riscv64-unknown-elf/11.1.0/rv32i/ilp32/libgcc.a(eqdf2.o)
 .debug_aranges
                0x0000000000000000       0x20 /nix/store/by10b61mcl0sj0gv71yqdghjm063xm8v-riscv-gnu-toolchain/lib/gcc/riscv64-unknown-elf/11.1.0/rv32i/ilp32/libgcc.a(eqdf2.o)
 .debug_rnglists
                0x0000000000000000       0x4d /nix/store/by10b61mcl0sj0gv71yqdghjm063xm8v-riscv-gnu-toolchain/lib/gcc/riscv64-unknown-elf/11.1.0/rv32i/ilp32/libgcc.a(eqdf2.o)
 .debug_line    0x0000000000000000      0x227 /nix/store/by10b61mcl0sj0gv71yqdghjm063xm8v-riscv-gnu-toolchain/lib/gcc/riscv64-unknown-elf/11.1.0/rv32i/ilp32/libgcc.a(eqdf2.o)
 .debug_str     0x0000000000000000      0x1b1 /nix/store/by10b61mcl0sj0gv71yqdghjm063xm8v-riscv-gnu-toolchain/lib/gcc/riscv64-unknown-elf/11.1.0/rv32i/ilp32/libgcc.a(eqdf2.o)
 .debug_line_str
                0x0000000000000000      0x15d /nix/store/by10b61mcl0sj0gv71yqdghjm063xm8v-riscv-gnu-toolchain/lib/gcc/riscv64-unknown-elf/11.1.0/rv32i/ilp32/libgcc.a(eqdf2.o)
 .debug_frame   0x0000000000000000       0x20 /nix/store/by10b61mcl0sj0gv71yqdghjm063xm8v-riscv-gnu-toolchain/lib/gcc/riscv64-unknown-elf/11.1.0/rv32i/ilp32/libgcc.a(eqdf2.o)
 .debug_info    0x0000000000000000      0x21e /nix/store/by10b61mcl0sj0gv71yqdghjm063xm8v-riscv-gnu-toolchain/lib/gcc/riscv64-unknown-elf/11.1.0/rv32i/ilp32/libgcc.a(gedf2.o)
 .debug_abbrev  0x0000000000000000      0x166 /nix/store/by10b61mcl0sj0gv71yqdghjm063xm8v-riscv-gnu-toolchain/lib/gcc/riscv64-unknown-elf/11.1.0/rv32i/ilp32/libgcc.a(gedf2.o)
 .debug_loclists
                0x0000000000000000      0x117 /nix/store/by10b61mcl0sj0gv71yqdghjm063xm8v-riscv-gnu-toolchain/lib/gcc/riscv64-unknown-elf/11.1.0/rv32i/ilp32/libgcc.a(gedf2.o)
 .debug_aranges
                0x0000000000000000       0x20 /nix/store/by10b61mcl0sj0gv71yqdghjm063xm8v-riscv-gnu-toolchain/lib/gcc/riscv64-unknown-elf/11.1.0/rv32i/ilp32/libgcc.a(gedf2.o)
 .debug_rnglists
                0x0000000000000000       0x4e /nix/store/by10b61mcl0sj0gv71yqdghjm063xm8v-riscv-gnu-toolchain/lib/gcc/riscv64-unknown-elf/11.1.0/rv32i/ilp32/libgcc.a(gedf2.o)
 .debug_line    0x0000000000000000      0x2bc /nix/store/by10b61mcl0sj0gv71yqdghjm063xm8v-riscv-gnu-toolchain/lib/gcc/riscv64-unknown-elf/11.1.0/rv32i/ilp32/libgcc.a(gedf2.o)
 .debug_str     0x0000000000000000      0x1d5 /nix/store/by10b61mcl0sj0gv71yqdghjm063xm8v-riscv-gnu-toolchain/lib/gcc/riscv64-unknown-elf/11.1.0/rv32i/ilp32/libgcc.a(gedf2.o)
 .debug_line_str
                0x0000000000000000      0x15d /nix/store/by10b61mcl0sj0gv71yqdghjm063xm8v-riscv-gnu-toolchain/lib/gcc/riscv64-unknown-elf/11.1.0/rv32i/ilp32/libgcc.a(gedf2.o)
 .debug_frame   0x0000000000000000       0x20 /nix/store/by10b61mcl0sj0gv71yqdghjm063xm8v-riscv-gnu-toolchain/lib/gcc/riscv64-unknown-elf/11.1.0/rv32i/ilp32/libgcc.a(gedf2.o)
 .debug_info    0x0000000000000000      0x21e /nix/store/by10b61mcl0sj0gv71yqdghjm063xm8v-riscv-gnu-toolchain/lib/gcc/riscv64-unknown-elf/11.1.0/rv32i/ilp32/libgcc.a(ledf2.o)
 .debug_abbrev  0x0000000000000000      0x166 /nix/store/by10b61mcl0sj0gv71yqdghjm063xm8v-riscv-gnu-toolchain/lib/gcc/riscv64-unknown-elf/11.1.0/rv32i/ilp32/libgcc.a(ledf2.o)
 .debug_loclists
                0x0000000000000000      0x117 /nix/store/by10b61mcl0sj0gv71yqdghjm063xm8v-riscv-gnu-toolchain/lib/gcc/riscv64-unknown-elf/11.1.0/rv32i/ilp32/libgcc.a(ledf2.o)
 .debug_aranges
                0x0000000000000000       0x20 /nix/store/by10b61mcl0sj0gv71yqdghjm063xm8v-riscv-gnu-toolchain/lib/gcc/riscv64-unknown-elf/11.1.0/rv32i/ilp32/libgcc.a(ledf2.o)
 .debug_rnglists
                0x0000000000000000       0x4e /nix/store/by10b61mcl0sj0gv71yqdghjm063xm8v-riscv-gnu-toolchain/lib/gcc/riscv64-unknown-elf/11.1.0/rv32i/ilp32/libgcc.a(ledf2.o)
 .debug_line    0x0000000000000000      0x2bc /nix/store/by10b61mcl0sj0gv71yqdghjm063xm8v-riscv-gnu-toolchain/lib/gcc/riscv64-unknown-elf/11.1.0/rv32i/ilp32/libgcc.a(ledf2.o)
 .debug_str     0x0000000000000000      0x1d5 /nix/store/by10b61mcl0sj0gv71yqdghjm063xm8v-riscv-gnu-toolchain/lib/gcc/riscv64-unknown-elf/11.1.0/rv32i/ilp32/libgcc.a(ledf2.o)
 .debug_line_str
                0x0000000000000000      0x15d /nix/store/by10b61mcl0sj0gv71yqdghjm063xm8v-riscv-gnu-toolchain/lib/gcc/riscv64-unknown-elf/11.1.0/rv32i/ilp32/libgcc.a(ledf2.o)
 .debug_frame   0x0000000000000000       0x20 /nix/store/by10b61mcl0sj0gv71yqdghjm063xm8v-riscv-gnu-toolchain/lib/gcc/riscv64-unknown-elf/11.1.0/rv32i/ilp32/libgcc.a(ledf2.o)
 .debug_info    0x0000000000000000      0x8e2 /nix/store/by10b61mcl0sj0gv71yqdghjm063xm8v-riscv-gnu-toolchain/lib/gcc/riscv64-unknown-elf/11.1.0/rv32i/ilp32/libgcc.a(muldf3.o)
 .debug_abbrev  0x0000000000000000      0x199 /nix/store/by10b61mcl0sj0gv71yqdghjm063xm8v-riscv-gnu-toolchain/lib/gcc/riscv64-unknown-elf/11.1.0/rv32i/ilp32/libgcc.a(muldf3.o)
 .debug_loclists
                0x0000000000000000      0xc85 /nix/store/by10b61mcl0sj0gv71yqdghjm063xm8v-riscv-gnu-toolchain/lib/gcc/riscv64-unknown-elf/11.1.0/rv32i/ilp32/libgcc.a(muldf3.o)
 .debug_aranges
                0x0000000000000000       0x20 /nix/store/by10b61mcl0sj0gv71yqdghjm063xm8v-riscv-gnu-toolchain/lib/gcc/riscv64-unknown-elf/11.1.0/rv32i/ilp32/libgcc.a(muldf3.o)
 .debug_rnglists
                0x0000000000000000      0x1d5 /nix/store/by10b61mcl0sj0gv71yqdghjm063xm8v-riscv-gnu-toolchain/lib/gcc/riscv64-unknown-elf/11.1.0/rv32i/ilp32/libgcc.a(muldf3.o)
 .debug_line    0x0000000000000000     0x1029 /nix/store/by10b61mcl0sj0gv71yqdghjm063xm8v-riscv-gnu-toolchain/lib/gcc/riscv64-unknown-elf/11.1.0/rv32i/ilp32/libgcc.a(muldf3.o)
 .debug_str     0x0000000000000000      0x3c5 /nix/store/by10b61mcl0sj0gv71yqdghjm063xm8v-riscv-gnu-toolchain/lib/gcc/riscv64-unknown-elf/11.1.0/rv32i/ilp32/libgcc.a(muldf3.o)
 .debug_line_str
                0x0000000000000000      0x15a /nix/store/by10b61mcl0sj0gv71yqdghjm063xm8v-riscv-gnu-toolchain/lib/gcc/riscv64-unknown-elf/11.1.0/rv32i/ilp32/libgcc.a(muldf3.o)
 .debug_frame   0x0000000000000000       0x54 /nix/store/by10b61mcl0sj0gv71yqdghjm063xm8v-riscv-gnu-toolchain/lib/gcc/riscv64-unknown-elf/11.1.0/rv32i/ilp32/libgcc.a(muldf3.o)
 .debug_info    0x0000000000000000      0x4fc /nix/store/by10b61mcl0sj0gv71yqdghjm063xm8v-riscv-gnu-toolchain/lib/gcc/riscv64-unknown-elf/11.1.0/rv32i/ilp32/libgcc.a(subdf3.o)
 .debug_abbrev  0x0000000000000000      0x176 /nix/store/by10b61mcl0sj0gv71yqdghjm063xm8v-riscv-gnu-toolchain/lib/gcc/riscv64-unknown-elf/11.1.0/rv32i/ilp32/libgcc.a(subdf3.o)
 .debug_loclists
                0x0000000000000000     0x10df /nix/store/by10b61mcl0sj0gv71yqdghjm063xm8v-riscv-gnu-toolchain/lib/gcc/riscv64-unknown-elf/11.1.0/rv32i/ilp32/libgcc.a(subdf3.o)
 .debug_aranges
                0x0000000000000000       0x20 /nix/store/by10b61mcl0sj0gv71yqdghjm063xm8v-riscv-gnu-toolchain/lib/gcc/riscv64-unknown-elf/11.1.0/rv32i/ilp32/libgcc.a(subdf3.o)
 .debug_rnglists
                0x0000000000000000      0x22e /nix/store/by10b61mcl0sj0gv71yqdghjm063xm8v-riscv-gnu-toolchain/lib/gcc/riscv64-unknown-elf/11.1.0/rv32i/ilp32/libgcc.a(subdf3.o)
 .debug_line    0x0000000000000000     0x1054 /nix/store/by10b61mcl0sj0gv71yqdghjm063xm8v-riscv-gnu-toolchain/lib/gcc/riscv64-unknown-elf/11.1.0/rv32i/ilp32/libgcc.a(subdf3.o)
 .debug_str     0x0000000000000000      0x29f /nix/store/by10b61mcl0sj0gv71yqdghjm063xm8v-riscv-gnu-toolchain/lib/gcc/riscv64-unknown-elf/11.1.0/rv32i/ilp32/libgcc.a(subdf3.o)
 .debug_line_str
                0x0000000000000000      0x150 /nix/store/by10b61mcl0sj0gv71yqdghjm063xm8v-riscv-gnu-toolchain/lib/gcc/riscv64-unknown-elf/11.1.0/rv32i/ilp32/libgcc.a(subdf3.o)
 .debug_frame   0x0000000000000000       0x44 /nix/store/by10b61mcl0sj0gv71yqdghjm063xm8v-riscv-gnu-toolchain/lib/gcc/riscv64-unknown-elf/11.1.0/rv32i/ilp32/libgcc.a(subdf3.o)
 .debug_info    0x0000000000000000      0x1ca /nix/store/by10b61mcl0sj0gv71yqdghjm063xm8v-riscv-gnu-toolchain/lib/gcc/riscv64-unknown-elf/11.1.0/rv32i/ilp32/libgcc.a(fixdfsi.o)
 .debug_abbrev  0x0000000000000000      0x15d /nix/store/by10b61mcl0sj0gv71yqdghjm063xm8v-riscv-gnu-toolchain/lib/gcc/riscv64-unknown-elf/11.1.0/rv32i/ilp32/libgcc.a(fixdfsi.o)
 .debug_loclists
                0x0000000000000000      0x167 /nix/store/by10b61mcl0sj0gv71yqdghjm063xm8v-riscv-gnu-toolchain/lib/gcc/riscv64-unknown-elf/11.1.0/rv32i/ilp32/libgcc.a(fixdfsi.o)
 .debug_aranges
                0x0000000000000000       0x20 /nix/store/by10b61mcl0sj0gv71yqdghjm063xm8v-riscv-gnu-toolchain/lib/gcc/riscv64-unknown-elf/11.1.0/rv32i/ilp32/libgcc.a(fixdfsi.o)
 .debug_rnglists
                0x0000000000000000       0x1f /nix/store/by10b61mcl0sj0gv71yqdghjm063xm8v-riscv-gnu-toolchain/lib/gcc/riscv64-unknown-elf/11.1.0/rv32i/ilp32/libgcc.a(fixdfsi.o)
 .debug_line    0x0000000000000000      0x1eb /nix/store/by10b61mcl0sj0gv71yqdghjm063xm8v-riscv-gnu-toolchain/lib/gcc/riscv64-unknown-elf/11.1.0/rv32i/ilp32/libgcc.a(fixdfsi.o)
 .debug_str     0x0000000000000000      0x1ac /nix/store/by10b61mcl0sj0gv71yqdghjm063xm8v-riscv-gnu-toolchain/lib/gcc/riscv64-unknown-elf/11.1.0/rv32i/ilp32/libgcc.a(fixdfsi.o)
 .debug_line_str
                0x0000000000000000      0x15d /nix/store/by10b61mcl0sj0gv71yqdghjm063xm8v-riscv-gnu-toolchain/lib/gcc/riscv64-unknown-elf/11.1.0/rv32i/ilp32/libgcc.a(fixdfsi.o)
 .debug_frame   0x0000000000000000       0x20 /nix/store/by10b61mcl0sj0gv71yqdghjm063xm8v-riscv-gnu-toolchain/lib/gcc/riscv64-unknown-elf/11.1.0/rv32i/ilp32/libgcc.a(fixdfsi.o)
 .debug_info    0x0000000000000000      0x1ad /nix/store/by10b61mcl0sj0gv71yqdghjm063xm8v-riscv-gnu-toolchain/lib/gcc/riscv64-unknown-elf/11.1.0/rv32i/ilp32/libgcc.a(fixunsdfsi.o)
 .debug_abbrev  0x0000000000000000      0x162 /nix/store/by10b61mcl0sj0gv71yqdghjm063xm8v-riscv-gnu-toolchain/lib/gcc/riscv64-unknown-elf/11.1.0/rv32i/ilp32/libgcc.a(fixunsdfsi.o)
 .debug_loclists
                0x0000000000000000       0xdc /nix/store/by10b61mcl0sj0gv71yqdghjm063xm8v-riscv-gnu-toolchain/lib/gcc/riscv64-unknown-elf/11.1.0/rv32i/ilp32/libgcc.a(fixunsdfsi.o)
 .debug_aranges
                0x0000000000000000       0x20 /nix/store/by10b61mcl0sj0gv71yqdghjm063xm8v-riscv-gnu-toolchain/lib/gcc/riscv64-unknown-elf/11.1.0/rv32i/ilp32/libgcc.a(fixunsdfsi.o)
 .debug_rnglists
                0x0000000000000000       0x28 /nix/store/by10b61mcl0sj0gv71yqdghjm063xm8v-riscv-gnu-toolchain/lib/gcc/riscv64-unknown-elf/11.1.0/rv32i/ilp32/libgcc.a(fixunsdfsi.o)
 .debug_line    0x0000000000000000      0x179 /nix/store/by10b61mcl0sj0gv71yqdghjm063xm8v-riscv-gnu-toolchain/lib/gcc/riscv64-unknown-elf/11.1.0/rv32i/ilp32/libgcc.a(fixunsdfsi.o)
 .debug_str     0x0000000000000000      0x1a8 /nix/store/by10b61mcl0sj0gv71yqdghjm063xm8v-riscv-gnu-toolchain/lib/gcc/riscv64-unknown-elf/11.1.0/rv32i/ilp32/libgcc.a(fixunsdfsi.o)
 .debug_line_str
                0x0000000000000000      0x166 /nix/store/by10b61mcl0sj0gv71yqdghjm063xm8v-riscv-gnu-toolchain/lib/gcc/riscv64-unknown-elf/11.1.0/rv32i/ilp32/libgcc.a(fixunsdfsi.o)
 .debug_frame   0x0000000000000000       0x20 /nix/store/by10b61mcl0sj0gv71yqdghjm063xm8v-riscv-gnu-toolchain/lib/gcc/riscv64-unknown-elf/11.1.0/rv32i/ilp32/libgcc.a(fixunsdfsi.o)
 .debug_info    0x0000000000000000      0x268 /nix/store/by10b61mcl0sj0gv71yqdghjm063xm8v-riscv-gnu-toolchain/lib/gcc/riscv64-unknown-elf/11.1.0/rv32i/ilp32/libgcc.a(floatsidf.o)
 .debug_abbrev  0x0000000000000000      0x164 /nix/store/by10b61mcl0sj0gv71yqdghjm063xm8v-riscv-gnu-toolchain/lib/gcc/riscv64-unknown-elf/11.1.0/rv32i/ilp32/libgcc.a(floatsidf.o)
 .debug_loclists
                0x0000000000000000      0x134 /nix/store/by10b61mcl0sj0gv71yqdghjm063xm8v-riscv-gnu-toolchain/lib/gcc/riscv64-unknown-elf/11.1.0/rv32i/ilp32/libgcc.a(floatsidf.o)
 .debug_aranges
                0x0000000000000000       0x20 /nix/store/by10b61mcl0sj0gv71yqdghjm063xm8v-riscv-gnu-toolchain/lib/gcc/riscv64-unknown-elf/11.1.0/rv32i/ilp32/libgcc.a(floatsidf.o)
 .debug_rnglists
                0x0000000000000000       0x61 /nix/store/by10b61mcl0sj0gv71yqdghjm063xm8v-riscv-gnu-toolchain/lib/gcc/riscv64-unknown-elf/11.1.0/rv32i/ilp32/libgcc.a(floatsidf.o)
 .debug_line    0x0000000000000000      0x223 /nix/store/by10b61mcl0sj0gv71yqdghjm063xm8v-riscv-gnu-toolchain/lib/gcc/riscv64-unknown-elf/11.1.0/rv32i/ilp32/libgcc.a(floatsidf.o)
 .debug_str     0x0000000000000000      0x249 /nix/store/by10b61mcl0sj0gv71yqdghjm063xm8v-riscv-gnu-toolchain/lib/gcc/riscv64-unknown-elf/11.1.0/rv32i/ilp32/libgcc.a(floatsidf.o)
 .debug_line_str
                0x0000000000000000      0x163 /nix/store/by10b61mcl0sj0gv71yqdghjm063xm8v-riscv-gnu-toolchain/lib/gcc/riscv64-unknown-elf/11.1.0/rv32i/ilp32/libgcc.a(floatsidf.o)
 .debug_frame   0x0000000000000000       0x38 /nix/store/by10b61mcl0sj0gv71yqdghjm063xm8v-riscv-gnu-toolchain/lib/gcc/riscv64-unknown-elf/11.1.0/rv32i/ilp32/libgcc.a(floatsidf.o)
 .debug_info    0x0000000000000000      0x25d /nix/store/by10b61mcl0sj0gv71yqdghjm063xm8v-riscv-gnu-toolchain/lib/gcc/riscv64-unknown-elf/11.1.0/rv32i/ilp32/libgcc.a(floatunsidf.o)
 .debug_abbrev  0x0000000000000000      0x163 /nix/store/by10b61mcl0sj0gv71yqdghjm063xm8v-riscv-gnu-toolchain/lib/gcc/riscv64-unknown-elf/11.1.0/rv32i/ilp32/libgcc.a(floatunsidf.o)
 .debug_loclists
                0x0000000000000000      0x137 /nix/store/by10b61mcl0sj0gv71yqdghjm063xm8v-riscv-gnu-toolchain/lib/gcc/riscv64-unknown-elf/11.1.0/rv32i/ilp32/libgcc.a(floatunsidf.o)
 .debug_aranges
                0x0000000000000000       0x20 /nix/store/by10b61mcl0sj0gv71yqdghjm063xm8v-riscv-gnu-toolchain/lib/gcc/riscv64-unknown-elf/11.1.0/rv32i/ilp32/libgcc.a(floatunsidf.o)
 .debug_rnglists
                0x0000000000000000       0x6a /nix/store/by10b61mcl0sj0gv71yqdghjm063xm8v-riscv-gnu-toolchain/lib/gcc/riscv64-unknown-elf/11.1.0/rv32i/ilp32/libgcc.a(floatunsidf.o)
 .debug_line    0x0000000000000000      0x241 /nix/store/by10b61mcl0sj0gv71yqdghjm063xm8v-riscv-gnu-toolchain/lib/gcc/riscv64-unknown-elf/11.1.0/rv32i/ilp32/libgcc.a(floatunsidf.o)
 .debug_str     0x0000000000000000      0x244 /nix/store/by10b61mcl0sj0gv71yqdghjm063xm8v-riscv-gnu-toolchain/lib/gcc/riscv64-unknown-elf/11.1.0/rv32i/ilp32/libgcc.a(floatunsidf.o)
 .debug_line_str
                0x0000000000000000      0x169 /nix/store/by10b61mcl0sj0gv71yqdghjm063xm8v-riscv-gnu-toolchain/lib/gcc/riscv64-unknown-elf/11.1.0/rv32i/ilp32/libgcc.a(floatunsidf.o)
 .debug_frame   0x0000000000000000       0x34 /nix/store/by10b61mcl0sj0gv71yqdghjm063xm8v-riscv-gnu-toolchain/lib/gcc/riscv64-unknown-elf/11.1.0/rv32i/ilp32/libgcc.a(floatunsidf.o)
 .debug_line    0x0000000000000000       0x7a /nix/store/by10b61mcl0sj0gv71yqdghjm063xm8v-riscv-gnu-toolchain/lib/gcc/riscv64-unknown-elf/11.1.0/rv32i/ilp32/libgcc.a(muldi3.o)
 .debug_line_str
                0x0000000000000000       0xad /nix/store/by10b61mcl0sj0gv71yqdghjm063xm8v-riscv-gnu-toolchain/lib/gcc/riscv64-unknown-elf/11.1.0/rv32i/ilp32/libgcc.a(muldi3.o)
 .debug_info    0x0000000000000000       0x24 /nix/store/by10b61mcl0sj0gv71yqdghjm063xm8v-riscv-gnu-toolchain/lib/gcc/riscv64-unknown-elf/11.1.0/rv32i/ilp32/libgcc.a(muldi3.o)
 .debug_abbrev  0x0000000000000000       0x14 /nix/store/by10b61mcl0sj0gv71yqdghjm063xm8v-riscv-gnu-toolchain/lib/gcc/riscv64-unknown-elf/11.1.0/rv32i/ilp32/libgcc.a(muldi3.o)
 .debug_aranges
                0x0000000000000000       0x20 /nix/store/by10b61mcl0sj0gv71yqdghjm063xm8v-riscv-gnu-toolchain/lib/gcc/riscv64-unknown-elf/11.1.0/rv32i/ilp32/libgcc.a(muldi3.o)
 .debug_str     0x0000000000000000       0xb0 /nix/store/by10b61mcl0sj0gv71yqdghjm063xm8v-riscv-gnu-toolchain/lib/gcc/riscv64-unknown-elf/11.1.0/rv32i/ilp32/libgcc.a(muldi3.o)
 .debug_line    0x0000000000000000      0x153 /nix/store/by10b61mcl0sj0gv71yqdghjm063xm8v-riscv-gnu-toolchain/lib/gcc/riscv64-unknown-elf/11.1.0/rv32i/ilp32/libgcc.a(div.o)
 .debug_line_str
                0x0000000000000000       0xa7 /nix/store/by10b61mcl0sj0gv71yqdghjm063xm8v-riscv-gnu-toolchain/lib/gcc/riscv64-unknown-elf/11.1.0/rv32i/ilp32/libgcc.a(div.o)
 .debug_info    0x0000000000000000       0x25 /nix/store/by10b61mcl0sj0gv71yqdghjm063xm8v-riscv-gnu-toolchain/lib/gcc/riscv64-unknown-elf/11.1.0/rv32i/ilp32/libgcc.a(div.o)
 .debug_abbrev  0x0000000000000000       0x14 /nix/store/by10b61mcl0sj0gv71yqdghjm063xm8v-riscv-gnu-toolchain/lib/gcc/riscv64-unknown-elf/11.1.0/rv32i/ilp32/libgcc.a(div.o)
 .debug_aranges
                0x0000000000000000       0x20 /nix/store/by10b61mcl0sj0gv71yqdghjm063xm8v-riscv-gnu-toolchain/lib/gcc/riscv64-unknown-elf/11.1.0/rv32i/ilp32/libgcc.a(div.o)
 .debug_str     0x0000000000000000       0xad /nix/store/by10b61mcl0sj0gv71yqdghjm063xm8v-riscv-gnu-toolchain/lib/gcc/riscv64-unknown-elf/11.1.0/rv32i/ilp32/libgcc.a(div.o)
 .debug_info    0x0000000000000000       0xd8 /nix/store/by10b61mcl0sj0gv71yqdghjm063xm8v-riscv-gnu-toolchain/lib/gcc/riscv64-unknown-elf/11.1.0/rv32i/ilp32/libgcc.a(_clz.o)
 .debug_abbrev  0x0000000000000000       0x70 /nix/store/by10b61mcl0sj0gv71yqdghjm063xm8v-riscv-gnu-toolchain/lib/gcc/riscv64-unknown-elf/11.1.0/rv32i/ilp32/libgcc.a(_clz.o)
 .debug_aranges
                0x0000000000000000       0x18 /nix/store/by10b61mcl0sj0gv71yqdghjm063xm8v-riscv-gnu-toolchain/lib/gcc/riscv64-unknown-elf/11.1.0/rv32i/ilp32/libgcc.a(_clz.o)
 .debug_line    0x0000000000000000       0x3f /nix/store/by10b61mcl0sj0gv71yqdghjm063xm8v-riscv-gnu-toolchain/lib/gcc/riscv64-unknown-elf/11.1.0/rv32i/ilp32/libgcc.a(_clz.o)
 .debug_str     0x0000000000000000      0x192 /nix/store/by10b61mcl0sj0gv71yqdghjm063xm8v-riscv-gnu-toolchain/lib/gcc/riscv64-unknown-elf/11.1.0/rv32i/ilp32/libgcc.a(_clz.o)
 .debug_line_str
                0x0000000000000000      0x144 /nix/store/by10b61mcl0sj0gv71yqdghjm063xm8v-riscv-gnu-toolchain/lib/gcc/riscv64-unknown-elf/11.1.0/rv32i/ilp32/libgcc.a(_clz.o)
 .debug_info    0x0000000000000000      0x142 /nix/store/by10b61mcl0sj0gv71yqdghjm063xm8v-riscv-gnu-toolchain/lib/gcc/riscv64-unknown-elf/11.1.0/rv32i/ilp32/libgcc.a(_clzsi2.o)
 .debug_abbrev  0x0000000000000000       0xca /nix/store/by10b61mcl0sj0gv71yqdghjm063xm8v-riscv-gnu-toolchain/lib/gcc/riscv64-unknown-elf/11.1.0/rv32i/ilp32/libgcc.a(_clzsi2.o)
 .debug_loclists
                0x0000000000000000       0x62 /nix/store/by10b61mcl0sj0gv71yqdghjm063xm8v-riscv-gnu-toolchain/lib/gcc/riscv64-unknown-elf/11.1.0/rv32i/ilp32/libgcc.a(_clzsi2.o)
 .debug_aranges
                0x0000000000000000       0x20 /nix/store/by10b61mcl0sj0gv71yqdghjm063xm8v-riscv-gnu-toolchain/lib/gcc/riscv64-unknown-elf/11.1.0/rv32i/ilp32/libgcc.a(_clzsi2.o)
 .debug_rnglists
                0x0000000000000000       0x28 /nix/store/by10b61mcl0sj0gv71yqdghjm063xm8v-riscv-gnu-toolchain/lib/gcc/riscv64-unknown-elf/11.1.0/rv32i/ilp32/libgcc.a(_clzsi2.o)
 .debug_line    0x0000000000000000       0xcb /nix/store/by10b61mcl0sj0gv71yqdghjm063xm8v-riscv-gnu-toolchain/lib/gcc/riscv64-unknown-elf/11.1.0/rv32i/ilp32/libgcc.a(_clzsi2.o)
 .debug_str     0x0000000000000000      0x1af /nix/store/by10b61mcl0sj0gv71yqdghjm063xm8v-riscv-gnu-toolchain/lib/gcc/riscv64-unknown-elf/11.1.0/rv32i/ilp32/libgcc.a(_clzsi2.o)
 .debug_line_str
                0x0000000000000000      0x144 /nix/store/by10b61mcl0sj0gv71yqdghjm063xm8v-riscv-gnu-toolchain/lib/gcc/riscv64-unknown-elf/11.1.0/rv32i/ilp32/libgcc.a(_clzsi2.o)
 .debug_frame   0x0000000000000000       0x20 /nix/store/by10b61mcl0sj0gv71yqdghjm063xm8v-riscv-gnu-toolchain/lib/gcc/riscv64-unknown-elf/11.1.0/rv32i/ilp32/libgcc.a(_clzsi2.o)

Memory Configuration

Name             Origin             Length             Attributes
*default*        0x0000000000000000 0xffffffffffffffff

Linker script and memory map

                0x0000000000000000                . = 0x0

.init           0x0000000000000000       0x10
 *(.init)
 .init          0x0000000000000000       0x10 /tmp/nix-shell-11564-1741507680/cciqOe2e.o

.text           0x0000000000000010     0x4e40
 *(.text)
 .text          0x0000000000000010        0x0 /tmp/nix-shell-11564-1741507680/cciqOe2e.o
 .text          0x0000000000000010        0x0 /tmp/nix-shell-11564-1741507680/ccg1wlxb.o
 .text          0x0000000000000010     0x1b04 /tmp/nix-shell-11564-1741507680/ccFzXNXn.o
                0x0000000000001994                printf_init
                0x00000000000019a0                printf_
                0x00000000000019f0                sprintf_
                0x0000000000001a38                snprintf_
                0x0000000000001a7c                vprintf_
                0x0000000000001aac                vsnprintf_
                0x0000000000001ac4                fctprintf
 .text          0x0000000000001b14      0x2d8 /tmp/nix-shell-11564-1741507680/ccWtJyOs.o
                0x0000000000001b14                uart_txwait
                0x0000000000001b30                uart_putc
                0x0000000000001b5c                uart_rxwait
                0x0000000000001b78                uart_getc
                0x0000000000001b94                uart_init
                0x0000000000001bdc                uart_finish
                0x0000000000001bf8                uart_puts
                0x0000000000001c2c                uart_sendstr
                0x0000000000001c60                uart_recvfile
                0x0000000000001d30                uart_sendfile
 .text          0x0000000000001dec       0x74 /tmp/nix-shell-11564-1741507680/ccGFSvBY.o
                0x0000000000001dec                timer_reset
                0x0000000000001e0c                timer_init
                0x0000000000001e2c                timer_get_count
 .text          0x0000000000001e60       0x9c /tmp/nix-shell-11564-1741507680/cc9xwavH.o
                0x0000000000001e60                IOB_UART_INIT_BASEADDR
                0x0000000000001e6c                IOB_UART_SET_SOFTRESET
                0x0000000000001e7c                IOB_UART_SET_DIV
                0x0000000000001e8c                IOB_UART_SET_TXDATA
                0x0000000000001e9c                IOB_UART_SET_TXEN
                0x0000000000001eac                IOB_UART_SET_RXEN
                0x0000000000001ebc                IOB_UART_GET_TXREADY
                0x0000000000001ecc                IOB_UART_GET_RXREADY
                0x0000000000001edc                IOB_UART_GET_RXDATA
                0x0000000000001eec                IOB_UART_GET_VERSION
 .text          0x0000000000001efc       0x6c /tmp/nix-shell-11564-1741507680/ccnOemeJ.o
                0x0000000000001efc                IOB_TIMER_INIT_BASEADDR
                0x0000000000001f08                IOB_TIMER_SET_RESET
                0x0000000000001f18                IOB_TIMER_SET_ENABLE
                0x0000000000001f28                IOB_TIMER_SET_SAMPLE
                0x0000000000001f38                IOB_TIMER_GET_DATA_LOW
                0x0000000000001f48                IOB_TIMER_GET_DATA_HIGH
                0x0000000000001f58                IOB_TIMER_GET_VERSION
 .text          0x0000000000001f68      0x5c0 /nix/store/by10b61mcl0sj0gv71yqdghjm063xm8v-riscv-gnu-toolchain/lib/gcc/riscv64-unknown-elf/11.1.0/rv32i/ilp32/libgcc.a(_udivdi3.o)
                0x0000000000001f68                __udivdi3
 .text          0x0000000000002528      0x4d0 /nix/store/by10b61mcl0sj0gv71yqdghjm063xm8v-riscv-gnu-toolchain/lib/gcc/riscv64-unknown-elf/11.1.0/rv32i/ilp32/libgcc.a(_umoddi3.o)
                0x0000000000002528                __umoddi3
 .text          0x00000000000029f8      0x7dc /nix/store/by10b61mcl0sj0gv71yqdghjm063xm8v-riscv-gnu-toolchain/lib/gcc/riscv64-unknown-elf/11.1.0/rv32i/ilp32/libgcc.a(adddf3.o)
                0x00000000000029f8                __adddf3
 .text          0x00000000000031d4      0x7e0 /nix/store/by10b61mcl0sj0gv71yqdghjm063xm8v-riscv-gnu-toolchain/lib/gcc/riscv64-unknown-elf/11.1.0/rv32i/ilp32/libgcc.a(divdf3.o)
                0x00000000000031d4                __divdf3
 .text          0x00000000000039b4       0x8c /nix/store/by10b61mcl0sj0gv71yqdghjm063xm8v-riscv-gnu-toolchain/lib/gcc/riscv64-unknown-elf/11.1.0/rv32i/ilp32/libgcc.a(eqdf2.o)
                0x00000000000039b4                __eqdf2
                0x00000000000039b4                __nedf2
 .text          0x0000000000003a40       0xe4 /nix/store/by10b61mcl0sj0gv71yqdghjm063xm8v-riscv-gnu-toolchain/lib/gcc/riscv64-unknown-elf/11.1.0/rv32i/ilp32/libgcc.a(gedf2.o)
                0x0000000000003a40                __gtdf2
                0x0000000000003a40                __gedf2
 .text          0x0000000000003b24       0xe4 /nix/store/by10b61mcl0sj0gv71yqdghjm063xm8v-riscv-gnu-toolchain/lib/gcc/riscv64-unknown-elf/11.1.0/rv32i/ilp32/libgcc.a(ledf2.o)
                0x0000000000003b24                __ltdf2
                0x0000000000003b24                __ledf2
 .text          0x0000000000003c08      0x6cc /nix/store/by10b61mcl0sj0gv71yqdghjm063xm8v-riscv-gnu-toolchain/lib/gcc/riscv64-unknown-elf/11.1.0/rv32i/ilp32/libgcc.a(muldf3.o)
                0x0000000000003c08                __muldf3
 .text          0x00000000000042d4      0x7f0 /nix/store/by10b61mcl0sj0gv71yqdghjm063xm8v-riscv-gnu-toolchain/lib/gcc/riscv64-unknown-elf/11.1.0/rv32i/ilp32/libgcc.a(subdf3.o)
                0x00000000000042d4                __subdf3
 .text          0x0000000000004ac4       0x80 /nix/store/by10b61mcl0sj0gv71yqdghjm063xm8v-riscv-gnu-toolchain/lib/gcc/riscv64-unknown-elf/11.1.0/rv32i/ilp32/libgcc.a(fixdfsi.o)
                0x0000000000004ac4                __fixdfsi
 .text          0x0000000000004b44       0x7c /nix/store/by10b61mcl0sj0gv71yqdghjm063xm8v-riscv-gnu-toolchain/lib/gcc/riscv64-unknown-elf/11.1.0/rv32i/ilp32/libgcc.a(fixunsdfsi.o)
                0x0000000000004b44                __fixunsdfsi
 .text          0x0000000000004bc0       0xa8 /nix/store/by10b61mcl0sj0gv71yqdghjm063xm8v-riscv-gnu-toolchain/lib/gcc/riscv64-unknown-elf/11.1.0/rv32i/ilp32/libgcc.a(floatsidf.o)
                0x0000000000004bc0                __floatsidf
 .text          0x0000000000004c68       0x80 /nix/store/by10b61mcl0sj0gv71yqdghjm063xm8v-riscv-gnu-toolchain/lib/gcc/riscv64-unknown-elf/11.1.0/rv32i/ilp32/libgcc.a(floatunsidf.o)
                0x0000000000004c68                __floatunsidf
 .text          0x0000000000004ce8       0x24 /nix/store/by10b61mcl0sj0gv71yqdghjm063xm8v-riscv-gnu-toolchain/lib/gcc/riscv64-unknown-elf/11.1.0/rv32i/ilp32/libgcc.a(muldi3.o)
                0x0000000000004ce8                __mulsi3
 .text          0x0000000000004d0c       0xb4 /nix/store/by10b61mcl0sj0gv71yqdghjm063xm8v-riscv-gnu-toolchain/lib/gcc/riscv64-unknown-elf/11.1.0/rv32i/ilp32/libgcc.a(div.o)
                0x0000000000004d0c                __divsi3
                0x0000000000004d14                __udivsi3
                0x0000000000004d5c                __umodsi3
                0x0000000000004d90                __modsi3
 .text          0x0000000000004dc0        0x0 /nix/store/by10b61mcl0sj0gv71yqdghjm063xm8v-riscv-gnu-toolchain/lib/gcc/riscv64-unknown-elf/11.1.0/rv32i/ilp32/libgcc.a(_clz.o)
 .text          0x0000000000004dc0       0x4c /nix/store/by10b61mcl0sj0gv71yqdghjm063xm8v-riscv-gnu-toolchain/lib/gcc/riscv64-unknown-elf/11.1.0/rv32i/ilp32/libgcc.a(_clzsi2.o)
                0x0000000000004dc0                __clzsi2
 .text          0x0000000000004e0c        0x0 /nix/store/by10b61mcl0sj0gv71yqdghjm063xm8v-riscv-gnu-toolchain/lib/gcc/riscv64-unknown-elf/11.1.0/../../../../riscv64-unknown-elf/lib/rv32i/ilp32/libc_nano.a(lib_a-malloc.o)
 .text          0x0000000000004e0c       0x24 /nix/store/by10b61mcl0sj0gv71yqdghjm063xm8v-riscv-gnu-toolchain/lib/gcc/riscv64-unknown-elf/11.1.0/../../../../riscv64-unknown-elf/lib/rv32i/ilp32/libc_nano.a(lib_a-memcpy-asm.o)
                0x0000000000004e0c                memcpy
 .text          0x0000000000004e30        0x0 /nix/store/by10b61mcl0sj0gv71yqdghjm063xm8v-riscv-gnu-toolchain/lib/gcc/riscv64-unknown-elf/11.1.0/../../../../riscv64-unknown-elf/lib/rv32i/ilp32/libc_nano.a(lib_a-nano-freer.o)
 .text          0x0000000000004e30        0x0 /nix/store/by10b61mcl0sj0gv71yqdghjm063xm8v-riscv-gnu-toolchain/lib/gcc/riscv64-unknown-elf/11.1.0/../../../../riscv64-unknown-elf/lib/rv32i/ilp32/libc_nano.a(lib_a-nano-mallocr.o)
 .text          0x0000000000004e30        0x0 /nix/store/by10b61mcl0sj0gv71yqdghjm063xm8v-riscv-gnu-toolchain/lib/gcc/riscv64-unknown-elf/11.1.0/../../../../riscv64-unknown-elf/lib/rv32i/ilp32/libc_nano.a(lib_a-sbrkr.o)
 .text          0x0000000000004e30       0x20 /nix/store/by10b61mcl0sj0gv71yqdghjm063xm8v-riscv-gnu-toolchain/lib/gcc/riscv64-unknown-elf/11.1.0/../../../../riscv64-unknown-elf/lib/rv32i/ilp32/libc_nano.a(lib_a-strcmp.o)
                0x0000000000004e30                strcmp
 .text          0x0000000000004e50        0x0 /nix/store/by10b61mcl0sj0gv71yqdghjm063xm8v-riscv-gnu-toolchain/lib/gcc/riscv64-unknown-elf/11.1.0/../../../../riscv64-unknown-elf/lib/rv32i/ilp32/libc_nano.a(lib_a-strcpy.o)
 .text          0x0000000000004e50        0x0 /nix/store/by10b61mcl0sj0gv71yqdghjm063xm8v-riscv-gnu-toolchain/lib/gcc/riscv64-unknown-elf/11.1.0/../../../../riscv64-unknown-elf/lib/rv32i/ilp32/libc_nano.a(lib_a-strlen.o)
 .text          0x0000000000004e50        0x0 /nix/store/by10b61mcl0sj0gv71yqdghjm063xm8v-riscv-gnu-toolchain/lib/gcc/riscv64-unknown-elf/11.1.0/../../../../riscv64-unknown-elf/lib/rv32i/ilp32/libc_nano.a(lib_a-impure.o)
 .text          0x0000000000004e50        0x0 /nix/store/by10b61mcl0sj0gv71yqdghjm063xm8v-riscv-gnu-toolchain/lib/gcc/riscv64-unknown-elf/11.1.0/../../../../riscv64-unknown-elf/lib/rv32i/ilp32/libc_nano.a(lib_a-mlock.o)
 .text          0x0000000000004e50        0x0 /nix/store/by10b61mcl0sj0gv71yqdghjm063xm8v-riscv-gnu-toolchain/lib/gcc/riscv64-unknown-elf/11.1.0/../../../../riscv64-unknown-elf/lib/rv32i/ilp32/libc_nano.a(lib_a-reent.o)
 .text          0x0000000000004e50        0x0 /nix/store/by10b61mcl0sj0gv71yqdghjm063xm8v-riscv-gnu-toolchain/lib/gcc/riscv64-unknown-elf/11.1.0/../../../../riscv64-unknown-elf/lib/rv32i/ilp32/libnosys.a(sbrk.o)

.memory         0x0000000000004e50     0x10f4
 *(.rodata)
 .rodata        0x0000000000004e50       0x90 /tmp/nix-shell-11564-1741507680/ccFzXNXn.o
 .rodata        0x0000000000004ee0       0x3c /nix/store/by10b61mcl0sj0gv71yqdghjm063xm8v-riscv-gnu-toolchain/lib/gcc/riscv64-unknown-elf/11.1.0/rv32i/ilp32/libgcc.a(divdf3.o)
 .rodata        0x0000000000004f1c      0x100 /nix/store/by10b61mcl0sj0gv71yqdghjm063xm8v-riscv-gnu-toolchain/lib/gcc/riscv64-unknown-elf/11.1.0/rv32i/ilp32/libgcc.a(_clz.o)
                0x0000000000004f1c                __clz_tab
 *(.data)
 .data          0x000000000000501c        0x0 /tmp/nix-shell-11564-1741507680/cciqOe2e.o
 .data          0x000000000000501c        0x0 /tmp/nix-shell-11564-1741507680/ccg1wlxb.o
 .data          0x000000000000501c        0x0 /tmp/nix-shell-11564-1741507680/ccFzXNXn.o
 .data          0x000000000000501c        0x0 /tmp/nix-shell-11564-1741507680/ccWtJyOs.o
 .data          0x000000000000501c        0x0 /tmp/nix-shell-11564-1741507680/ccGFSvBY.o
 .data          0x000000000000501c        0x0 /tmp/nix-shell-11564-1741507680/cc9xwavH.o
 .data          0x000000000000501c        0x0 /tmp/nix-shell-11564-1741507680/ccnOemeJ.o
 .data          0x000000000000501c        0x0 /nix/store/by10b61mcl0sj0gv71yqdghjm063xm8v-riscv-gnu-toolchain/lib/gcc/riscv64-unknown-elf/11.1.0/rv32i/ilp32/libgcc.a(_udivdi3.o)
 .data          0x000000000000501c        0x0 /nix/store/by10b61mcl0sj0gv71yqdghjm063xm8v-riscv-gnu-toolchain/lib/gcc/riscv64-unknown-elf/11.1.0/rv32i/ilp32/libgcc.a(_umoddi3.o)
 .data          0x000000000000501c        0x0 /nix/store/by10b61mcl0sj0gv71yqdghjm063xm8v-riscv-gnu-toolchain/lib/gcc/riscv64-unknown-elf/11.1.0/rv32i/ilp32/libgcc.a(adddf3.o)
 .data          0x000000000000501c        0x0 /nix/store/by10b61mcl0sj0gv71yqdghjm063xm8v-riscv-gnu-toolchain/lib/gcc/riscv64-unknown-elf/11.1.0/rv32i/ilp32/libgcc.a(divdf3.o)
 .data          0x000000000000501c        0x0 /nix/store/by10b61mcl0sj0gv71yqdghjm063xm8v-riscv-gnu-toolchain/lib/gcc/riscv64-unknown-elf/11.1.0/rv32i/ilp32/libgcc.a(eqdf2.o)
 .data          0x000000000000501c        0x0 /nix/store/by10b61mcl0sj0gv71yqdghjm063xm8v-riscv-gnu-toolchain/lib/gcc/riscv64-unknown-elf/11.1.0/rv32i/ilp32/libgcc.a(gedf2.o)
 .data          0x000000000000501c        0x0 /nix/store/by10b61mcl0sj0gv71yqdghjm063xm8v-riscv-gnu-toolchain/lib/gcc/riscv64-unknown-elf/11.1.0/rv32i/ilp32/libgcc.a(ledf2.o)
 .data          0x000000000000501c        0x0 /nix/store/by10b61mcl0sj0gv71yqdghjm063xm8v-riscv-gnu-toolchain/lib/gcc/riscv64-unknown-elf/11.1.0/rv32i/ilp32/libgcc.a(muldf3.o)
 .data          0x000000000000501c        0x0 /nix/store/by10b61mcl0sj0gv71yqdghjm063xm8v-riscv-gnu-toolchain/lib/gcc/riscv64-unknown-elf/11.1.0/rv32i/ilp32/libgcc.a(subdf3.o)
 .data          0x000000000000501c        0x0 /nix/store/by10b61mcl0sj0gv71yqdghjm063xm8v-riscv-gnu-toolchain/lib/gcc/riscv64-unknown-elf/11.1.0/rv32i/ilp32/libgcc.a(fixdfsi.o)
 .data          0x000000000000501c        0x0 /nix/store/by10b61mcl0sj0gv71yqdghjm063xm8v-riscv-gnu-toolchain/lib/gcc/riscv64-unknown-elf/11.1.0/rv32i/ilp32/libgcc.a(fixunsdfsi.o)
 .data          0x000000000000501c        0x0 /nix/store/by10b61mcl0sj0gv71yqdghjm063xm8v-riscv-gnu-toolchain/lib/gcc/riscv64-unknown-elf/11.1.0/rv32i/ilp32/libgcc.a(floatsidf.o)
 .data          0x000000000000501c        0x0 /nix/store/by10b61mcl0sj0gv71yqdghjm063xm8v-riscv-gnu-toolchain/lib/gcc/riscv64-unknown-elf/11.1.0/rv32i/ilp32/libgcc.a(floatunsidf.o)
 .data          0x000000000000501c        0x0 /nix/store/by10b61mcl0sj0gv71yqdghjm063xm8v-riscv-gnu-toolchain/lib/gcc/riscv64-unknown-elf/11.1.0/rv32i/ilp32/libgcc.a(muldi3.o)
 .data          0x000000000000501c        0x0 /nix/store/by10b61mcl0sj0gv71yqdghjm063xm8v-riscv-gnu-toolchain/lib/gcc/riscv64-unknown-elf/11.1.0/rv32i/ilp32/libgcc.a(div.o)
 .data          0x000000000000501c        0x0 /nix/store/by10b61mcl0sj0gv71yqdghjm063xm8v-riscv-gnu-toolchain/lib/gcc/riscv64-unknown-elf/11.1.0/rv32i/ilp32/libgcc.a(_clz.o)
 .data          0x000000000000501c        0x0 /nix/store/by10b61mcl0sj0gv71yqdghjm063xm8v-riscv-gnu-toolchain/lib/gcc/riscv64-unknown-elf/11.1.0/rv32i/ilp32/libgcc.a(_clzsi2.o)
 .data          0x000000000000501c        0x0 /nix/store/by10b61mcl0sj0gv71yqdghjm063xm8v-riscv-gnu-toolchain/lib/gcc/riscv64-unknown-elf/11.1.0/../../../../riscv64-unknown-elf/lib/rv32i/ilp32/libc_nano.a(lib_a-malloc.o)
 .data          0x000000000000501c        0x0 /nix/store/by10b61mcl0sj0gv71yqdghjm063xm8v-riscv-gnu-toolchain/lib/gcc/riscv64-unknown-elf/11.1.0/../../../../riscv64-unknown-elf/lib/rv32i/ilp32/libc_nano.a(lib_a-memcpy-asm.o)
 .data          0x000000000000501c        0x0 /nix/store/by10b61mcl0sj0gv71yqdghjm063xm8v-riscv-gnu-toolchain/lib/gcc/riscv64-unknown-elf/11.1.0/../../../../riscv64-unknown-elf/lib/rv32i/ilp32/libc_nano.a(lib_a-nano-freer.o)
 .data          0x000000000000501c        0x0 /nix/store/by10b61mcl0sj0gv71yqdghjm063xm8v-riscv-gnu-toolchain/lib/gcc/riscv64-unknown-elf/11.1.0/../../../../riscv64-unknown-elf/lib/rv32i/ilp32/libc_nano.a(lib_a-nano-mallocr.o)
 .data          0x000000000000501c        0x0 /nix/store/by10b61mcl0sj0gv71yqdghjm063xm8v-riscv-gnu-toolchain/lib/gcc/riscv64-unknown-elf/11.1.0/../../../../riscv64-unknown-elf/lib/rv32i/ilp32/libc_nano.a(lib_a-sbrkr.o)
 .data          0x000000000000501c        0x0 /nix/store/by10b61mcl0sj0gv71yqdghjm063xm8v-riscv-gnu-toolchain/lib/gcc/riscv64-unknown-elf/11.1.0/../../../../riscv64-unknown-elf/lib/rv32i/ilp32/libc_nano.a(lib_a-strcmp.o)
 .data          0x000000000000501c        0x0 /nix/store/by10b61mcl0sj0gv71yqdghjm063xm8v-riscv-gnu-toolchain/lib/gcc/riscv64-unknown-elf/11.1.0/../../../../riscv64-unknown-elf/lib/rv32i/ilp32/libc_nano.a(lib_a-strcpy.o)
 .data          0x000000000000501c        0x0 /nix/store/by10b61mcl0sj0gv71yqdghjm063xm8v-riscv-gnu-toolchain/lib/gcc/riscv64-unknown-elf/11.1.0/../../../../riscv64-unknown-elf/lib/rv32i/ilp32/libc_nano.a(lib_a-strlen.o)
 .data          0x000000000000501c        0x0 /nix/store/by10b61mcl0sj0gv71yqdghjm063xm8v-riscv-gnu-toolchain/lib/gcc/riscv64-unknown-elf/11.1.0/../../../../riscv64-unknown-elf/lib/rv32i/ilp32/libc_nano.a(lib_a-impure.o)
 .data          0x000000000000501c        0x0 /nix/store/by10b61mcl0sj0gv71yqdghjm063xm8v-riscv-gnu-toolchain/lib/gcc/riscv64-unknown-elf/11.1.0/../../../../riscv64-unknown-elf/lib/rv32i/ilp32/libc_nano.a(lib_a-mlock.o)
 .data          0x000000000000501c        0x0 /nix/store/by10b61mcl0sj0gv71yqdghjm063xm8v-riscv-gnu-toolchain/lib/gcc/riscv64-unknown-elf/11.1.0/../../../../riscv64-unknown-elf/lib/rv32i/ilp32/libc_nano.a(lib_a-reent.o)
 .data          0x000000000000501c        0x0 /nix/store/by10b61mcl0sj0gv71yqdghjm063xm8v-riscv-gnu-toolchain/lib/gcc/riscv64-unknown-elf/11.1.0/../../../../riscv64-unknown-elf/lib/rv32i/ilp32/libnosys.a(sbrk.o)
 *(.bss)
 .bss           0x000000000000501c        0x0 /tmp/nix-shell-11564-1741507680/cciqOe2e.o
 .bss           0x000000000000501c        0x0 /tmp/nix-shell-11564-1741507680/ccg1wlxb.o
 .bss           0x000000000000501c        0x0 /tmp/nix-shell-11564-1741507680/ccFzXNXn.o
 .bss           0x000000000000501c        0x0 /tmp/nix-shell-11564-1741507680/ccWtJyOs.o
 .bss           0x000000000000501c        0x0 /tmp/nix-shell-11564-1741507680/ccGFSvBY.o
 .bss           0x000000000000501c        0x0 /tmp/nix-shell-11564-1741507680/cc9xwavH.o
 .bss           0x000000000000501c        0x0 /tmp/nix-shell-11564-1741507680/ccnOemeJ.o
 .bss           0x000000000000501c        0x0 /nix/store/by10b61mcl0sj0gv71yqdghjm063xm8v-riscv-gnu-toolchain/lib/gcc/riscv64-unknown-elf/11.1.0/rv32i/ilp32/libgcc.a(_udivdi3.o)
 .bss           0x000000000000501c        0x0 /nix/store/by10b61mcl0sj0gv71yqdghjm063xm8v-riscv-gnu-toolchain/lib/gcc/riscv64-unknown-elf/11.1.0/rv32i/ilp32/libgcc.a(_umoddi3.o)
 .bss           0x000000000000501c        0x0 /nix/store/by10b61mcl0sj0gv71yqdghjm063xm8v-riscv-gnu-toolchain/lib/gcc/riscv64-unknown-elf/11.1.0/rv32i/ilp32/libgcc.a(adddf3.o)
 .bss           0x000000000000501c        0x0 /nix/store/by10b61mcl0sj0gv71yqdghjm063xm8v-riscv-gnu-toolchain/lib/gcc/riscv64-unknown-elf/11.1.0/rv32i/ilp32/libgcc.a(divdf3.o)
 .bss           0x000000000000501c        0x0 /nix/store/by10b61mcl0sj0gv71yqdghjm063xm8v-riscv-gnu-toolchain/lib/gcc/riscv64-unknown-elf/11.1.0/rv32i/ilp32/libgcc.a(eqdf2.o)
 .bss           0x000000000000501c        0x0 /nix/store/by10b61mcl0sj0gv71yqdghjm063xm8v-riscv-gnu-toolchain/lib/gcc/riscv64-unknown-elf/11.1.0/rv32i/ilp32/libgcc.a(gedf2.o)
 .bss           0x000000000000501c        0x0 /nix/store/by10b61mcl0sj0gv71yqdghjm063xm8v-riscv-gnu-toolchain/lib/gcc/riscv64-unknown-elf/11.1.0/rv32i/ilp32/libgcc.a(ledf2.o)
 .bss           0x000000000000501c        0x0 /nix/store/by10b61mcl0sj0gv71yqdghjm063xm8v-riscv-gnu-toolchain/lib/gcc/riscv64-unknown-elf/11.1.0/rv32i/ilp32/libgcc.a(muldf3.o)
 .bss           0x000000000000501c        0x0 /nix/store/by10b61mcl0sj0gv71yqdghjm063xm8v-riscv-gnu-toolchain/lib/gcc/riscv64-unknown-elf/11.1.0/rv32i/ilp32/libgcc.a(subdf3.o)
 .bss           0x000000000000501c        0x0 /nix/store/by10b61mcl0sj0gv71yqdghjm063xm8v-riscv-gnu-toolchain/lib/gcc/riscv64-unknown-elf/11.1.0/rv32i/ilp32/libgcc.a(fixdfsi.o)
 .bss           0x000000000000501c        0x0 /nix/store/by10b61mcl0sj0gv71yqdghjm063xm8v-riscv-gnu-toolchain/lib/gcc/riscv64-unknown-elf/11.1.0/rv32i/ilp32/libgcc.a(fixunsdfsi.o)
 .bss           0x000000000000501c        0x0 /nix/store/by10b61mcl0sj0gv71yqdghjm063xm8v-riscv-gnu-toolchain/lib/gcc/riscv64-unknown-elf/11.1.0/rv32i/ilp32/libgcc.a(floatsidf.o)
 .bss           0x000000000000501c        0x0 /nix/store/by10b61mcl0sj0gv71yqdghjm063xm8v-riscv-gnu-toolchain/lib/gcc/riscv64-unknown-elf/11.1.0/rv32i/ilp32/libgcc.a(floatunsidf.o)
 .bss           0x000000000000501c        0x0 /nix/store/by10b61mcl0sj0gv71yqdghjm063xm8v-riscv-gnu-toolchain/lib/gcc/riscv64-unknown-elf/11.1.0/rv32i/ilp32/libgcc.a(muldi3.o)
 .bss           0x000000000000501c        0x0 /nix/store/by10b61mcl0sj0gv71yqdghjm063xm8v-riscv-gnu-toolchain/lib/gcc/riscv64-unknown-elf/11.1.0/rv32i/ilp32/libgcc.a(div.o)
 .bss           0x000000000000501c        0x0 /nix/store/by10b61mcl0sj0gv71yqdghjm063xm8v-riscv-gnu-toolchain/lib/gcc/riscv64-unknown-elf/11.1.0/rv32i/ilp32/libgcc.a(_clz.o)
 .bss           0x000000000000501c        0x0 /nix/store/by10b61mcl0sj0gv71yqdghjm063xm8v-riscv-gnu-toolchain/lib/gcc/riscv64-unknown-elf/11.1.0/rv32i/ilp32/libgcc.a(_clzsi2.o)
 .bss           0x000000000000501c        0x0 /nix/store/by10b61mcl0sj0gv71yqdghjm063xm8v-riscv-gnu-toolchain/lib/gcc/riscv64-unknown-elf/11.1.0/../../../../riscv64-unknown-elf/lib/rv32i/ilp32/libc_nano.a(lib_a-malloc.o)
 .bss           0x000000000000501c        0x0 /nix/store/by10b61mcl0sj0gv71yqdghjm063xm8v-riscv-gnu-toolchain/lib/gcc/riscv64-unknown-elf/11.1.0/../../../../riscv64-unknown-elf/lib/rv32i/ilp32/libc_nano.a(lib_a-memcpy-asm.o)
 .bss           0x000000000000501c        0x0 /nix/store/by10b61mcl0sj0gv71yqdghjm063xm8v-riscv-gnu-toolchain/lib/gcc/riscv64-unknown-elf/11.1.0/../../../../riscv64-unknown-elf/lib/rv32i/ilp32/libc_nano.a(lib_a-nano-freer.o)
 .bss           0x000000000000501c        0x0 /nix/store/by10b61mcl0sj0gv71yqdghjm063xm8v-riscv-gnu-toolchain/lib/gcc/riscv64-unknown-elf/11.1.0/../../../../riscv64-unknown-elf/lib/rv32i/ilp32/libc_nano.a(lib_a-nano-mallocr.o)
 .bss           0x000000000000501c        0x0 /nix/store/by10b61mcl0sj0gv71yqdghjm063xm8v-riscv-gnu-toolchain/lib/gcc/riscv64-unknown-elf/11.1.0/../../../../riscv64-unknown-elf/lib/rv32i/ilp32/libc_nano.a(lib_a-sbrkr.o)
 .bss           0x000000000000501c        0x0 /nix/store/by10b61mcl0sj0gv71yqdghjm063xm8v-riscv-gnu-toolchain/lib/gcc/riscv64-unknown-elf/11.1.0/../../../../riscv64-unknown-elf/lib/rv32i/ilp32/libc_nano.a(lib_a-strcmp.o)
 .bss           0x000000000000501c        0x0 /nix/store/by10b61mcl0sj0gv71yqdghjm063xm8v-riscv-gnu-toolchain/lib/gcc/riscv64-unknown-elf/11.1.0/../../../../riscv64-unknown-elf/lib/rv32i/ilp32/libc_nano.a(lib_a-strcpy.o)
 .bss           0x000000000000501c        0x0 /nix/store/by10b61mcl0sj0gv71yqdghjm063xm8v-riscv-gnu-toolchain/lib/gcc/riscv64-unknown-elf/11.1.0/../../../../riscv64-unknown-elf/lib/rv32i/ilp32/libc_nano.a(lib_a-strlen.o)
 .bss           0x000000000000501c        0x0 /nix/store/by10b61mcl0sj0gv71yqdghjm063xm8v-riscv-gnu-toolchain/lib/gcc/riscv64-unknown-elf/11.1.0/../../../../riscv64-unknown-elf/lib/rv32i/ilp32/libc_nano.a(lib_a-impure.o)
 .bss           0x000000000000501c        0x0 /nix/store/by10b61mcl0sj0gv71yqdghjm063xm8v-riscv-gnu-toolchain/lib/gcc/riscv64-unknown-elf/11.1.0/../../../../riscv64-unknown-elf/lib/rv32i/ilp32/libc_nano.a(lib_a-mlock.o)
 .bss           0x000000000000501c        0x0 /nix/store/by10b61mcl0sj0gv71yqdghjm063xm8v-riscv-gnu-toolchain/lib/gcc/riscv64-unknown-elf/11.1.0/../../../../riscv64-unknown-elf/lib/rv32i/ilp32/libc_nano.a(lib_a-reent.o)
 .bss           0x000000000000501c        0x0 /nix/store/by10b61mcl0sj0gv71yqdghjm063xm8v-riscv-gnu-toolchain/lib/gcc/riscv64-unknown-elf/11.1.0/../../../../riscv64-unknown-elf/lib/rv32i/ilp32/libnosys.a(sbrk.o)
 *(*)
 .riscv.attributes
                0x000000000000501c       0x1a /tmp/nix-shell-11564-1741507680/cciqOe2e.o
 .rela.data.impure_data
                0x0000000000005036        0x0 /tmp/nix-shell-11564-1741507680/cciqOe2e.o
 .rela.text._sbrk
                0x0000000000005036        0x0 /tmp/nix-shell-11564-1741507680/cciqOe2e.o
 *fill*         0x0000000000005036        0x2 
 .rodata.str1.4
                0x0000000000005038      0x255 /tmp/nix-shell-11564-1741507680/ccg1wlxb.o
 *fill*         0x000000000000528d        0x3 
 .text.startup  0x0000000000005290      0x170 /tmp/nix-shell-11564-1741507680/ccg1wlxb.o
                0x0000000000005290                main
 *fill*         0x0000000000005400        0x0 
 .srodata.cst8  0x0000000000005400        0x8 /tmp/nix-shell-11564-1741507680/ccg1wlxb.o
 .sdata         0x0000000000005408        0x4 /tmp/nix-shell-11564-1741507680/ccg1wlxb.o
                0x0000000000005408                send_string
 .comment       0x000000000000540c       0x10 /tmp/nix-shell-11564-1741507680/ccg1wlxb.o
                                         0x11 (size before relaxing)
 .riscv.attributes
                0x000000000000541c       0x1c /tmp/nix-shell-11564-1741507680/ccg1wlxb.o
 .rodata.str1.4
                0x0000000000005438       0x15 /tmp/nix-shell-11564-1741507680/ccFzXNXn.o
 *fill*         0x000000000000544d        0x3 
 .srodata.cst8  0x0000000000005450       0x98 /tmp/nix-shell-11564-1741507680/ccFzXNXn.o
 .sbss          0x00000000000054e8        0x4 /tmp/nix-shell-11564-1741507680/ccFzXNXn.o
 .comment       0x00000000000054ec       0x11 /tmp/nix-shell-11564-1741507680/ccFzXNXn.o
 .riscv.attributes
                0x00000000000054ec       0x1c /tmp/nix-shell-11564-1741507680/ccFzXNXn.o
 .rodata.str1.4
                0x0000000000005508       0x69 /tmp/nix-shell-11564-1741507680/ccWtJyOs.o
 .comment       0x0000000000005571       0x11 /tmp/nix-shell-11564-1741507680/ccWtJyOs.o
 .riscv.attributes
                0x0000000000005571       0x1c /tmp/nix-shell-11564-1741507680/ccWtJyOs.o
 .comment       0x000000000000558d       0x11 /tmp/nix-shell-11564-1741507680/ccGFSvBY.o
 .riscv.attributes
                0x000000000000558d       0x1c /tmp/nix-shell-11564-1741507680/ccGFSvBY.o
 *fill*         0x00000000000055a9        0x3 
 .sbss          0x00000000000055ac        0x4 /tmp/nix-shell-11564-1741507680/cc9xwavH.o
 .comment       0x00000000000055b0       0x11 /tmp/nix-shell-11564-1741507680/cc9xwavH.o
 .riscv.attributes
                0x00000000000055b0       0x1c /tmp/nix-shell-11564-1741507680/cc9xwavH.o
 .sbss          0x00000000000055cc        0x4 /tmp/nix-shell-11564-1741507680/ccnOemeJ.o
 .comment       0x00000000000055d0       0x11 /tmp/nix-shell-11564-1741507680/ccnOemeJ.o
 .riscv.attributes
                0x00000000000055d0       0x1c /tmp/nix-shell-11564-1741507680/ccnOemeJ.o
 .comment       0x00000000000055ec       0x11 /nix/store/by10b61mcl0sj0gv71yqdghjm063xm8v-riscv-gnu-toolchain/lib/gcc/riscv64-unknown-elf/11.1.0/rv32i/ilp32/libgcc.a(_udivdi3.o)
 .eh_frame      0x00000000000055ec       0x60 /nix/store/by10b61mcl0sj0gv71yqdghjm063xm8v-riscv-gnu-toolchain/lib/gcc/riscv64-unknown-elf/11.1.0/rv32i/ilp32/libgcc.a(_udivdi3.o)
 .riscv.attributes
                0x000000000000564c       0x1c /nix/store/by10b61mcl0sj0gv71yqdghjm063xm8v-riscv-gnu-toolchain/lib/gcc/riscv64-unknown-elf/11.1.0/rv32i/ilp32/libgcc.a(_udivdi3.o)
 .comment       0x0000000000005668       0x11 /nix/store/by10b61mcl0sj0gv71yqdghjm063xm8v-riscv-gnu-toolchain/lib/gcc/riscv64-unknown-elf/11.1.0/rv32i/ilp32/libgcc.a(_umoddi3.o)
 .eh_frame      0x0000000000005668       0x64 /nix/store/by10b61mcl0sj0gv71yqdghjm063xm8v-riscv-gnu-toolchain/lib/gcc/riscv64-unknown-elf/11.1.0/rv32i/ilp32/libgcc.a(_umoddi3.o)
 .riscv.attributes
                0x00000000000056cc       0x1c /nix/store/by10b61mcl0sj0gv71yqdghjm063xm8v-riscv-gnu-toolchain/lib/gcc/riscv64-unknown-elf/11.1.0/rv32i/ilp32/libgcc.a(_umoddi3.o)
 .comment       0x00000000000056e8       0x11 /nix/store/by10b61mcl0sj0gv71yqdghjm063xm8v-riscv-gnu-toolchain/lib/gcc/riscv64-unknown-elf/11.1.0/rv32i/ilp32/libgcc.a(adddf3.o)
 .riscv.attributes
                0x00000000000056e8       0x1c /nix/store/by10b61mcl0sj0gv71yqdghjm063xm8v-riscv-gnu-toolchain/lib/gcc/riscv64-unknown-elf/11.1.0/rv32i/ilp32/libgcc.a(adddf3.o)
 .comment       0x0000000000005704       0x11 /nix/store/by10b61mcl0sj0gv71yqdghjm063xm8v-riscv-gnu-toolchain/lib/gcc/riscv64-unknown-elf/11.1.0/rv32i/ilp32/libgcc.a(divdf3.o)
 .riscv.attributes
                0x0000000000005704       0x1c /nix/store/by10b61mcl0sj0gv71yqdghjm063xm8v-riscv-gnu-toolchain/lib/gcc/riscv64-unknown-elf/11.1.0/rv32i/ilp32/libgcc.a(divdf3.o)
 .comment       0x0000000000005720       0x11 /nix/store/by10b61mcl0sj0gv71yqdghjm063xm8v-riscv-gnu-toolchain/lib/gcc/riscv64-unknown-elf/11.1.0/rv32i/ilp32/libgcc.a(eqdf2.o)
 .riscv.attributes
                0x0000000000005720       0x1c /nix/store/by10b61mcl0sj0gv71yqdghjm063xm8v-riscv-gnu-toolchain/lib/gcc/riscv64-unknown-elf/11.1.0/rv32i/ilp32/libgcc.a(eqdf2.o)
 .comment       0x000000000000573c       0x11 /nix/store/by10b61mcl0sj0gv71yqdghjm063xm8v-riscv-gnu-toolchain/lib/gcc/riscv64-unknown-elf/11.1.0/rv32i/ilp32/libgcc.a(gedf2.o)
 .riscv.attributes
                0x000000000000573c       0x1c /nix/store/by10b61mcl0sj0gv71yqdghjm063xm8v-riscv-gnu-toolchain/lib/gcc/riscv64-unknown-elf/11.1.0/rv32i/ilp32/libgcc.a(gedf2.o)
 .comment       0x0000000000005758       0x11 /nix/store/by10b61mcl0sj0gv71yqdghjm063xm8v-riscv-gnu-toolchain/lib/gcc/riscv64-unknown-elf/11.1.0/rv32i/ilp32/libgcc.a(ledf2.o)
 .riscv.attributes
                0x0000000000005758       0x1c /nix/store/by10b61mcl0sj0gv71yqdghjm063xm8v-riscv-gnu-toolchain/lib/gcc/riscv64-unknown-elf/11.1.0/rv32i/ilp32/libgcc.a(ledf2.o)
 .comment       0x0000000000005774       0x11 /nix/store/by10b61mcl0sj0gv71yqdghjm063xm8v-riscv-gnu-toolchain/lib/gcc/riscv64-unknown-elf/11.1.0/rv32i/ilp32/libgcc.a(muldf3.o)
 .riscv.attributes
                0x0000000000005774       0x1c /nix/store/by10b61mcl0sj0gv71yqdghjm063xm8v-riscv-gnu-toolchain/lib/gcc/riscv64-unknown-elf/11.1.0/rv32i/ilp32/libgcc.a(muldf3.o)
 .comment       0x0000000000005790       0x11 /nix/store/by10b61mcl0sj0gv71yqdghjm063xm8v-riscv-gnu-toolchain/lib/gcc/riscv64-unknown-elf/11.1.0/rv32i/ilp32/libgcc.a(subdf3.o)
 .riscv.attributes
                0x0000000000005790       0x1c /nix/store/by10b61mcl0sj0gv71yqdghjm063xm8v-riscv-gnu-toolchain/lib/gcc/riscv64-unknown-elf/11.1.0/rv32i/ilp32/libgcc.a(subdf3.o)
 .comment       0x00000000000057ac       0x11 /nix/store/by10b61mcl0sj0gv71yqdghjm063xm8v-riscv-gnu-toolchain/lib/gcc/riscv64-unknown-elf/11.1.0/rv32i/ilp32/libgcc.a(fixdfsi.o)
 .riscv.attributes
                0x00000000000057ac       0x1c /nix/store/by10b61mcl0sj0gv71yqdghjm063xm8v-riscv-gnu-toolchain/lib/gcc/riscv64-unknown-elf/11.1.0/rv32i/ilp32/libgcc.a(fixdfsi.o)
 .comment       0x00000000000057c8       0x11 /nix/store/by10b61mcl0sj0gv71yqdghjm063xm8v-riscv-gnu-toolchain/lib/gcc/riscv64-unknown-elf/11.1.0/rv32i/ilp32/libgcc.a(fixunsdfsi.o)
 .riscv.attributes
                0x00000000000057c8       0x1c /nix/store/by10b61mcl0sj0gv71yqdghjm063xm8v-riscv-gnu-toolchain/lib/gcc/riscv64-unknown-elf/11.1.0/rv32i/ilp32/libgcc.a(fixunsdfsi.o)
 .comment       0x00000000000057e4       0x11 /nix/store/by10b61mcl0sj0gv71yqdghjm063xm8v-riscv-gnu-toolchain/lib/gcc/riscv64-unknown-elf/11.1.0/rv32i/ilp32/libgcc.a(floatsidf.o)
 .riscv.attributes
                0x00000000000057e4       0x1c /nix/store/by10b61mcl0sj0gv71yqdghjm063xm8v-riscv-gnu-toolchain/lib/gcc/riscv64-unknown-elf/11.1.0/rv32i/ilp32/libgcc.a(floatsidf.o)
 .comment       0x0000000000005800       0x11 /nix/store/by10b61mcl0sj0gv71yqdghjm063xm8v-riscv-gnu-toolchain/lib/gcc/riscv64-unknown-elf/11.1.0/rv32i/ilp32/libgcc.a(floatunsidf.o)
 .riscv.attributes
                0x0000000000005800       0x1c /nix/store/by10b61mcl0sj0gv71yqdghjm063xm8v-riscv-gnu-toolchain/lib/gcc/riscv64-unknown-elf/11.1.0/rv32i/ilp32/libgcc.a(floatunsidf.o)
 .riscv.attributes
                0x000000000000581c       0x1a /nix/store/by10b61mcl0sj0gv71yqdghjm063xm8v-riscv-gnu-toolchain/lib/gcc/riscv64-unknown-elf/11.1.0/rv32i/ilp32/libgcc.a(muldi3.o)
 .riscv.attributes
                0x0000000000005836       0x1a /nix/store/by10b61mcl0sj0gv71yqdghjm063xm8v-riscv-gnu-toolchain/lib/gcc/riscv64-unknown-elf/11.1.0/rv32i/ilp32/libgcc.a(div.o)
 .comment       0x0000000000005850       0x11 /nix/store/by10b61mcl0sj0gv71yqdghjm063xm8v-riscv-gnu-toolchain/lib/gcc/riscv64-unknown-elf/11.1.0/rv32i/ilp32/libgcc.a(_clz.o)
 .riscv.attributes
                0x0000000000005850       0x1c /nix/store/by10b61mcl0sj0gv71yqdghjm063xm8v-riscv-gnu-toolchain/lib/gcc/riscv64-unknown-elf/11.1.0/rv32i/ilp32/libgcc.a(_clz.o)
 .comment       0x000000000000586c       0x11 /nix/store/by10b61mcl0sj0gv71yqdghjm063xm8v-riscv-gnu-toolchain/lib/gcc/riscv64-unknown-elf/11.1.0/rv32i/ilp32/libgcc.a(_clzsi2.o)
 .riscv.attributes
                0x000000000000586c       0x1c /nix/store/by10b61mcl0sj0gv71yqdghjm063xm8v-riscv-gnu-toolchain/lib/gcc/riscv64-unknown-elf/11.1.0/rv32i/ilp32/libgcc.a(_clzsi2.o)
 .text.malloc   0x0000000000005888       0x10 /nix/store/by10b61mcl0sj0gv71yqdghjm063xm8v-riscv-gnu-toolchain/lib/gcc/riscv64-unknown-elf/11.1.0/../../../../riscv64-unknown-elf/lib/rv32i/ilp32/libc_nano.a(lib_a-malloc.o)
                0x0000000000005888                malloc
 .text.free     0x0000000000005898       0x10 /nix/store/by10b61mcl0sj0gv71yqdghjm063xm8v-riscv-gnu-toolchain/lib/gcc/riscv64-unknown-elf/11.1.0/../../../../riscv64-unknown-elf/lib/rv32i/ilp32/libc_nano.a(lib_a-malloc.o)
                0x0000000000005898                free
 .comment       0x00000000000058a8       0x12 /nix/store/by10b61mcl0sj0gv71yqdghjm063xm8v-riscv-gnu-toolchain/lib/gcc/riscv64-unknown-elf/11.1.0/../../../../riscv64-unknown-elf/lib/rv32i/ilp32/libc_nano.a(lib_a-malloc.o)
                                         0x13 (size before relaxing)
 .riscv.attributes
                0x00000000000058ba       0x1c /nix/store/by10b61mcl0sj0gv71yqdghjm063xm8v-riscv-gnu-toolchain/lib/gcc/riscv64-unknown-elf/11.1.0/../../../../riscv64-unknown-elf/lib/rv32i/ilp32/libc_nano.a(lib_a-malloc.o)
 .riscv.attributes
                0x00000000000058d6       0x1a /nix/store/by10b61mcl0sj0gv71yqdghjm063xm8v-riscv-gnu-toolchain/lib/gcc/riscv64-unknown-elf/11.1.0/../../../../riscv64-unknown-elf/lib/rv32i/ilp32/libc_nano.a(lib_a-memcpy-asm.o)
 .text._free_r  0x00000000000058f0       0xfc /nix/store/by10b61mcl0sj0gv71yqdghjm063xm8v-riscv-gnu-toolchain/lib/gcc/riscv64-unknown-elf/11.1.0/../../../../riscv64-unknown-elf/lib/rv32i/ilp32/libc_nano.a(lib_a-nano-freer.o)
                0x00000000000058f0                _free_r
 .comment       0x00000000000059ec       0x13 /nix/store/by10b61mcl0sj0gv71yqdghjm063xm8v-riscv-gnu-toolchain/lib/gcc/riscv64-unknown-elf/11.1.0/../../../../riscv64-unknown-elf/lib/rv32i/ilp32/libc_nano.a(lib_a-nano-freer.o)
 .riscv.attributes
                0x00000000000059ec       0x1c /nix/store/by10b61mcl0sj0gv71yqdghjm063xm8v-riscv-gnu-toolchain/lib/gcc/riscv64-unknown-elf/11.1.0/../../../../riscv64-unknown-elf/lib/rv32i/ilp32/libc_nano.a(lib_a-nano-freer.o)
 .text._malloc_r
                0x0000000000005a08      0x158 /nix/store/by10b61mcl0sj0gv71yqdghjm063xm8v-riscv-gnu-toolchain/lib/gcc/riscv64-unknown-elf/11.1.0/../../../../riscv64-unknown-elf/lib/rv32i/ilp32/libc_nano.a(lib_a-nano-mallocr.o)
                0x0000000000005a08                _malloc_r
 .sbss.__malloc_free_list
                0x0000000000005b60        0x4 /nix/store/by10b61mcl0sj0gv71yqdghjm063xm8v-riscv-gnu-toolchain/lib/gcc/riscv64-unknown-elf/11.1.0/../../../../riscv64-unknown-elf/lib/rv32i/ilp32/libc_nano.a(lib_a-nano-mallocr.o)
                0x0000000000005b60                __malloc_free_list
 .sbss.__malloc_sbrk_start
                0x0000000000005b64        0x4 /nix/store/by10b61mcl0sj0gv71yqdghjm063xm8v-riscv-gnu-toolchain/lib/gcc/riscv64-unknown-elf/11.1.0/../../../../riscv64-unknown-elf/lib/rv32i/ilp32/libc_nano.a(lib_a-nano-mallocr.o)
                0x0000000000005b64                __malloc_sbrk_start
 .comment       0x0000000000005b68       0x13 /nix/store/by10b61mcl0sj0gv71yqdghjm063xm8v-riscv-gnu-toolchain/lib/gcc/riscv64-unknown-elf/11.1.0/../../../../riscv64-unknown-elf/lib/rv32i/ilp32/libc_nano.a(lib_a-nano-mallocr.o)
 .riscv.attributes
                0x0000000000005b68       0x1c /nix/store/by10b61mcl0sj0gv71yqdghjm063xm8v-riscv-gnu-toolchain/lib/gcc/riscv64-unknown-elf/11.1.0/../../../../riscv64-unknown-elf/lib/rv32i/ilp32/libc_nano.a(lib_a-nano-mallocr.o)
 .text._sbrk_r  0x0000000000005b84       0x4c /nix/store/by10b61mcl0sj0gv71yqdghjm063xm8v-riscv-gnu-toolchain/lib/gcc/riscv64-unknown-elf/11.1.0/../../../../riscv64-unknown-elf/lib/rv32i/ilp32/libc_nano.a(lib_a-sbrkr.o)
                0x0000000000005b84                _sbrk_r
 .comment       0x0000000000005bd0       0x13 /nix/store/by10b61mcl0sj0gv71yqdghjm063xm8v-riscv-gnu-toolchain/lib/gcc/riscv64-unknown-elf/11.1.0/../../../../riscv64-unknown-elf/lib/rv32i/ilp32/libc_nano.a(lib_a-sbrkr.o)
 .riscv.attributes
                0x0000000000005bd0       0x1c /nix/store/by10b61mcl0sj0gv71yqdghjm063xm8v-riscv-gnu-toolchain/lib/gcc/riscv64-unknown-elf/11.1.0/../../../../riscv64-unknown-elf/lib/rv32i/ilp32/libc_nano.a(lib_a-sbrkr.o)
 .riscv.attributes
                0x0000000000005bec       0x1a /nix/store/by10b61mcl0sj0gv71yqdghjm063xm8v-riscv-gnu-toolchain/lib/gcc/riscv64-unknown-elf/11.1.0/../../../../riscv64-unknown-elf/lib/rv32i/ilp32/libc_nano.a(lib_a-strcmp.o)
 *fill*         0x0000000000005c06        0x2 
 .text.strcpy   0x0000000000005c08       0x1c /nix/store/by10b61mcl0sj0gv71yqdghjm063xm8v-riscv-gnu-toolchain/lib/gcc/riscv64-unknown-elf/11.1.0/../../../../riscv64-unknown-elf/lib/rv32i/ilp32/libc_nano.a(lib_a-strcpy.o)
                0x0000000000005c08                strcpy
 .comment       0x0000000000005c24       0x13 /nix/store/by10b61mcl0sj0gv71yqdghjm063xm8v-riscv-gnu-toolchain/lib/gcc/riscv64-unknown-elf/11.1.0/../../../../riscv64-unknown-elf/lib/rv32i/ilp32/libc_nano.a(lib_a-strcpy.o)
 .riscv.attributes
                0x0000000000005c24       0x1c /nix/store/by10b61mcl0sj0gv71yqdghjm063xm8v-riscv-gnu-toolchain/lib/gcc/riscv64-unknown-elf/11.1.0/../../../../riscv64-unknown-elf/lib/rv32i/ilp32/libc_nano.a(lib_a-strcpy.o)
 .text.strlen   0x0000000000005c40       0x1c /nix/store/by10b61mcl0sj0gv71yqdghjm063xm8v-riscv-gnu-toolchain/lib/gcc/riscv64-unknown-elf/11.1.0/../../../../riscv64-unknown-elf/lib/rv32i/ilp32/libc_nano.a(lib_a-strlen.o)
                0x0000000000005c40                strlen
 .comment       0x0000000000005c5c       0x13 /nix/store/by10b61mcl0sj0gv71yqdghjm063xm8v-riscv-gnu-toolchain/lib/gcc/riscv64-unknown-elf/11.1.0/../../../../riscv64-unknown-elf/lib/rv32i/ilp32/libc_nano.a(lib_a-strlen.o)
 .riscv.attributes
                0x0000000000005c5c       0x1c /nix/store/by10b61mcl0sj0gv71yqdghjm063xm8v-riscv-gnu-toolchain/lib/gcc/riscv64-unknown-elf/11.1.0/../../../../riscv64-unknown-elf/lib/rv32i/ilp32/libc_nano.a(lib_a-strlen.o)
 .data.impure_data
                0x0000000000005c78       0x60 /nix/store/by10b61mcl0sj0gv71yqdghjm063xm8v-riscv-gnu-toolchain/lib/gcc/riscv64-unknown-elf/11.1.0/../../../../riscv64-unknown-elf/lib/rv32i/ilp32/libc_nano.a(lib_a-impure.o)
 .sdata._impure_ptr
                0x0000000000005cd8        0x4 /nix/store/by10b61mcl0sj0gv71yqdghjm063xm8v-riscv-gnu-toolchain/lib/gcc/riscv64-unknown-elf/11.1.0/../../../../riscv64-unknown-elf/lib/rv32i/ilp32/libc_nano.a(lib_a-impure.o)
                0x0000000000005cd8                _impure_ptr
 .srodata._global_impure_ptr
                0x0000000000005cdc        0x4 /nix/store/by10b61mcl0sj0gv71yqdghjm063xm8v-riscv-gnu-toolchain/lib/gcc/riscv64-unknown-elf/11.1.0/../../../../riscv64-unknown-elf/lib/rv32i/ilp32/libc_nano.a(lib_a-impure.o)
                0x0000000000005cdc                _global_impure_ptr
 .comment       0x0000000000005ce0       0x13 /nix/store/by10b61mcl0sj0gv71yqdghjm063xm8v-riscv-gnu-toolchain/lib/gcc/riscv64-unknown-elf/11.1.0/../../../../riscv64-unknown-elf/lib/rv32i/ilp32/libc_nano.a(lib_a-impure.o)
 .riscv.attributes
                0x0000000000005ce0       0x1c /nix/store/by10b61mcl0sj0gv71yqdghjm063xm8v-riscv-gnu-toolchain/lib/gcc/riscv64-unknown-elf/11.1.0/../../../../riscv64-unknown-elf/lib/rv32i/ilp32/libc_nano.a(lib_a-impure.o)
 .text.__malloc_lock
                0x0000000000005cfc        0x4 /nix/store/by10b61mcl0sj0gv71yqdghjm063xm8v-riscv-gnu-toolchain/lib/gcc/riscv64-unknown-elf/11.1.0/../../../../riscv64-unknown-elf/lib/rv32i/ilp32/libc_nano.a(lib_a-mlock.o)
                0x0000000000005cfc                __malloc_lock
 .text.__malloc_unlock
                0x0000000000005d00        0x4 /nix/store/by10b61mcl0sj0gv71yqdghjm063xm8v-riscv-gnu-toolchain/lib/gcc/riscv64-unknown-elf/11.1.0/../../../../riscv64-unknown-elf/lib/rv32i/ilp32/libc_nano.a(lib_a-mlock.o)
                0x0000000000005d00                __malloc_unlock
 .comment       0x0000000000005d04       0x13 /nix/store/by10b61mcl0sj0gv71yqdghjm063xm8v-riscv-gnu-toolchain/lib/gcc/riscv64-unknown-elf/11.1.0/../../../../riscv64-unknown-elf/lib/rv32i/ilp32/libc_nano.a(lib_a-mlock.o)
 .riscv.attributes
                0x0000000000005d04       0x1c /nix/store/by10b61mcl0sj0gv71yqdghjm063xm8v-riscv-gnu-toolchain/lib/gcc/riscv64-unknown-elf/11.1.0/../../../../riscv64-unknown-elf/lib/rv32i/ilp32/libc_nano.a(lib_a-mlock.o)
 .text.cleanup_glue
                0x0000000000005d20       0x40 /nix/store/by10b61mcl0sj0gv71yqdghjm063xm8v-riscv-gnu-toolchain/lib/gcc/riscv64-unknown-elf/11.1.0/../../../../riscv64-unknown-elf/lib/rv32i/ilp32/libc_nano.a(lib_a-reent.o)
                0x0000000000005d20                cleanup_glue
 .text._reclaim_reent
                0x0000000000005d60      0x16c /nix/store/by10b61mcl0sj0gv71yqdghjm063xm8v-riscv-gnu-toolchain/lib/gcc/riscv64-unknown-elf/11.1.0/../../../../riscv64-unknown-elf/lib/rv32i/ilp32/libc_nano.a(lib_a-reent.o)
                0x0000000000005d60                _reclaim_reent
 .sbss.errno    0x0000000000005ecc        0x4 /nix/store/by10b61mcl0sj0gv71yqdghjm063xm8v-riscv-gnu-toolchain/lib/gcc/riscv64-unknown-elf/11.1.0/../../../../riscv64-unknown-elf/lib/rv32i/ilp32/libc_nano.a(lib_a-reent.o)
                0x0000000000005ecc                errno
 .comment       0x0000000000005ed0       0x13 /nix/store/by10b61mcl0sj0gv71yqdghjm063xm8v-riscv-gnu-toolchain/lib/gcc/riscv64-unknown-elf/11.1.0/../../../../riscv64-unknown-elf/lib/rv32i/ilp32/libc_nano.a(lib_a-reent.o)
 .riscv.attributes
                0x0000000000005ed0       0x1c /nix/store/by10b61mcl0sj0gv71yqdghjm063xm8v-riscv-gnu-toolchain/lib/gcc/riscv64-unknown-elf/11.1.0/../../../../riscv64-unknown-elf/lib/rv32i/ilp32/libc_nano.a(lib_a-reent.o)
 .text._sbrk    0x0000000000005eec       0x38 /nix/store/by10b61mcl0sj0gv71yqdghjm063xm8v-riscv-gnu-toolchain/lib/gcc/riscv64-unknown-elf/11.1.0/../../../../riscv64-unknown-elf/lib/rv32i/ilp32/libnosys.a(sbrk.o)
                0x0000000000005eec                _sbrk
 .sbss.heap_end.0
                0x0000000000005f24        0x4 /nix/store/by10b61mcl0sj0gv71yqdghjm063xm8v-riscv-gnu-toolchain/lib/gcc/riscv64-unknown-elf/11.1.0/../../../../riscv64-unknown-elf/lib/rv32i/ilp32/libnosys.a(sbrk.o)
 .comment       0x0000000000005f28       0x13 /nix/store/by10b61mcl0sj0gv71yqdghjm063xm8v-riscv-gnu-toolchain/lib/gcc/riscv64-unknown-elf/11.1.0/../../../../riscv64-unknown-elf/lib/rv32i/ilp32/libnosys.a(sbrk.o)
 .riscv.attributes
                0x0000000000005f28       0x1c /nix/store/by10b61mcl0sj0gv71yqdghjm063xm8v-riscv-gnu-toolchain/lib/gcc/riscv64-unknown-elf/11.1.0/../../../../riscv64-unknown-elf/lib/rv32i/ilp32/libnosys.a(sbrk.o)
                0x0000000000005f44                stack_start = .

.stack
 *(.stack)
                0x0000000000005f44                stack_end = .
                0x0000000000005f44                . = ALIGN (0x4)
                0x0000000000005f44                _heap_start = .
                0x0000000000005f44                end = .
LOAD /tmp/nix-shell-11564-1741507680/cciqOe2e.o
LOAD /tmp/nix-shell-11564-1741507680/ccg1wlxb.o
LOAD /tmp/nix-shell-11564-1741507680/ccFzXNXn.o
LOAD /tmp/nix-shell-11564-1741507680/ccWtJyOs.o
LOAD /tmp/nix-shell-11564-1741507680/ccGFSvBY.o
LOAD /tmp/nix-shell-11564-1741507680/cc9xwavH.o
LOAD /tmp/nix-shell-11564-1741507680/ccnOemeJ.o
LOAD /nix/store/by10b61mcl0sj0gv71yqdghjm063xm8v-riscv-gnu-toolchain/lib/gcc/riscv64-unknown-elf/11.1.0/rv32i/ilp32/libgcc.a
LOAD /nix/store/by10b61mcl0sj0gv71yqdghjm063xm8v-riscv-gnu-toolchain/lib/gcc/riscv64-unknown-elf/11.1.0/../../../../riscv64-unknown-elf/lib/rv32i/ilp32/libc_nano.a
LOAD /nix/store/by10b61mcl0sj0gv71yqdghjm063xm8v-riscv-gnu-toolchain/lib/gcc/riscv64-unknown-elf/11.1.0/../../../../riscv64-unknown-elf/lib/rv32i/ilp32/libnosys.a
OUTPUT(iob_soc_firmware.elf elf32-littleriscv)
